------------------------------------------------------------
Timing Analyzer Summary
------------------------------------------------------------

Type  : Slow 1100mV 85C Model Setup 'clk'
Slack : -0.486
TNS   : -0.881

Type  : Slow 1100mV 85C Model Hold 'clk'
Slack : 0.454
TNS   : 0.000

Type  : Slow 1100mV 85C Model Minimum Pulse Width 'clk'
Slack : -0.724
TNS   : -11.130

Type  : Slow 1100mV 0C Model Setup 'clk'
Slack : -0.555
TNS   : -0.992

Type  : Slow 1100mV 0C Model Hold 'clk'
Slack : 0.438
TNS   : 0.000

Type  : Slow 1100mV 0C Model Minimum Pulse Width 'clk'
Slack : -0.724
TNS   : -11.117

Type  : Fast 1100mV 85C Model Setup 'clk'
Slack : 0.375
TNS   : 0.000

Type  : Fast 1100mV 85C Model Hold 'clk'
Slack : 0.203
TNS   : 0.000

Type  : Fast 1100mV 85C Model Minimum Pulse Width 'clk'
Slack : -0.091
TNS   : -0.891

Type  : Fast 1100mV 0C Model Setup 'clk'
Slack : 0.414
TNS   : 0.000

Type  : Fast 1100mV 0C Model Hold 'clk'
Slack : 0.183
TNS   : 0.000

Type  : Fast 1100mV 0C Model Minimum Pulse Width 'clk'
Slack : -0.090
TNS   : -0.876

------------------------------------------------------------
