
===========================================================================
report_checks -unconstrained
===========================================================================
======================= nom_ss_100C_1v60 Corner ===================================

Startpoint: rst_n (input port clocked by clk)
Endpoint: _38_ (recovery check against rising-edge clock clk)
Path Group: asynchronous
Path Type: max

Fanout         Cap        Slew       Delay        Time   Description
---------------------------------------------------------------------------------------------
                                  0.000000    0.000000   clock clk (rise edge)
                                  0.000000    0.000000   clock network delay (propagated)
                                  2.000000    2.000000 ^ input external delay
    10    0.043645    0.315420    0.219526    2.219526 ^ rst_n (in)
                                                         rst_n (net)
                      0.315434    0.000000    2.219526 ^ _38_/RESET_B (sky130_fd_sc_hd__dfrtp_2)
                                              2.219526   data arrival time

                                 10.000000   10.000000   clock clk (rise edge)
                                  0.000000   10.000000   clock source latency
     1    0.012132    0.095756    0.063106   10.063107 ^ clk (in)
                                                         clk (net)
                      0.095759    0.000000   10.063107 ^ clkbuf_0_clk/A (sky130_fd_sc_hd__clkbuf_16)
     2    0.019921    0.067331    0.233137   10.296244 ^ clkbuf_0_clk/X (sky130_fd_sc_hd__clkbuf_16)
                                                         clknet_0_clk (net)
                      0.067346    0.000512   10.296756 ^ clkbuf_1_0__f_clk/A (sky130_fd_sc_hd__clkbuf_16)
     5    0.014384    0.060435    0.212391   10.509147 ^ clkbuf_1_0__f_clk/X (sky130_fd_sc_hd__clkbuf_16)
                                                         clknet_1_0__leaf_clk (net)
                      0.060435    0.000266   10.509413 ^ _38_/CLK (sky130_fd_sc_hd__dfrtp_2)
                                 -0.250000   10.259413   clock uncertainty
                                  0.000000   10.259413   clock reconvergence pessimism
                                  0.336381   10.595794   library recovery time
                                             10.595794   data required time
---------------------------------------------------------------------------------------------
                                             10.595794   data required time
                                             -2.219526   data arrival time
---------------------------------------------------------------------------------------------
                                              8.376268   slack (MET)


Startpoint: reg_addr[1] (input port clocked by clk)
Endpoint: reg_rdata[0] (output port clocked by clk)
Path Group: clk
Path Type: max

Fanout         Cap        Slew       Delay        Time   Description
---------------------------------------------------------------------------------------------
                                  0.000000    0.000000   clock clk (rise edge)
                                  0.000000    0.000000   clock network delay (propagated)
                                  2.000000    2.000000 ^ input external delay
     3    0.009666    0.078845    0.050687    2.050687 ^ reg_addr[1] (in)
                                                         reg_addr[1] (net)
                      0.078845    0.000000    2.050687 ^ _15_/A_N (sky130_fd_sc_hd__and2b_2)
     2    0.006027    0.085036    0.463472    2.514159 v _15_/X (sky130_fd_sc_hd__and2b_2)
                                                         _11_ (net)
                      0.085036    0.000165    2.514323 v _16_/B1 (sky130_fd_sc_hd__a22o_2)
     1    0.037766    0.210997    0.549982    3.064306 v _16_/X (sky130_fd_sc_hd__a22o_2)
                                                         reg_rdata[0] (net)
                      0.211003    0.001400    3.065706 v reg_rdata[0] (out)
                                              3.065706   data arrival time

                                 10.000000   10.000000   clock clk (rise edge)
                                  0.000000   10.000000   clock network delay (propagated)
                                 -0.250000    9.750000   clock uncertainty
                                  0.000000    9.750000   clock reconvergence pessimism
                                 -2.000000    7.750000   output external delay
                                              7.750000   data required time
---------------------------------------------------------------------------------------------
                                              7.750000   data required time
                                             -3.065706   data arrival time
---------------------------------------------------------------------------------------------
                                              4.684294   slack (MET)




===========================================================================
report_checks --slack_max -0.01
============================================================================
======================= nom_ss_100C_1v60 Corner ===================================

No paths found.


===========================================================================
 report_check_types -max_slew -max_cap -max_fanout -violators
============================================================================
======================= nom_ss_100C_1v60 Corner ===================================



===========================================================================
report_parasitic_annotation -report_unannotated
============================================================================
Found 1 unannotated drivers.
 clkload0/X
Found 0 partially unannotated drivers.

===========================================================================
max slew violation count 0
max fanout violation count 0
max cap violation count 0
============================================================================

===========================================================================
check_setup -verbose -unconstrained_endpoints -multiple_clock -no_clock -no_input_delay -loops -generated_clocks
===========================================================================
