
===========================================================================
report_checks -unconstrained
===========================================================================
======================= min_tt_025C_1v80 Corner ===================================

Startpoint: rst_n (input port clocked by clk)
Endpoint: _38_ (recovery check against rising-edge clock clk)
Path Group: asynchronous
Path Type: max

Fanout         Cap        Slew       Delay        Time   Description
---------------------------------------------------------------------------------------------
                                  0.000000    0.000000   clock clk (rise edge)
                                  0.000000    0.000000   clock network delay (propagated)
                                  2.000000    2.000000 ^ input external delay
    10    0.046082    0.211567    0.147100    2.147100 ^ rst_n (in)
                                                         rst_n (net)
                      0.211580    0.000000    2.147100 ^ _38_/RESET_B (sky130_fd_sc_hd__dfrtp_2)
                                              2.147100   data arrival time

                                 10.000000   10.000000   clock clk (rise edge)
                                  0.000000   10.000000   clock source latency
     1    0.011836    0.059623    0.040002   10.040002 ^ clk (in)
                                                         clk (net)
                      0.059624    0.000000   10.040002 ^ clkbuf_0_clk/A (sky130_fd_sc_hd__clkbuf_16)
     2    0.019500    0.041427    0.130282   10.170284 ^ clkbuf_0_clk/X (sky130_fd_sc_hd__clkbuf_16)
                                                         clknet_0_clk (net)
                      0.041427    0.000197   10.170482 ^ clkbuf_1_0__f_clk/A (sky130_fd_sc_hd__clkbuf_16)
     5    0.014464    0.037133    0.118850   10.289331 ^ clkbuf_1_0__f_clk/X (sky130_fd_sc_hd__clkbuf_16)
                                                         clknet_1_0__leaf_clk (net)
                      0.037133    0.000107   10.289438 ^ _38_/CLK (sky130_fd_sc_hd__dfrtp_2)
                                 -0.250000   10.039438   clock uncertainty
                                  0.000000   10.039438   clock reconvergence pessimism
                                  0.166996   10.206433   library recovery time
                                             10.206433   data required time
---------------------------------------------------------------------------------------------
                                             10.206433   data required time
                                             -2.147100   data arrival time
---------------------------------------------------------------------------------------------
                                              8.059334   slack (MET)


Startpoint: reg_addr[1] (input port clocked by clk)
Endpoint: reg_rdata[0] (output port clocked by clk)
Path Group: clk
Path Type: max

Fanout         Cap        Slew       Delay        Time   Description
---------------------------------------------------------------------------------------------
                                  0.000000    0.000000   clock clk (rise edge)
                                  0.000000    0.000000   clock network delay (propagated)
                                  2.000000    2.000000 v input external delay
     3    0.009021    0.022358    0.014614    2.014614 v reg_addr[1] (in)
                                                         reg_addr[1] (net)
                      0.022358    0.000000    2.014614 v _14_/A (sky130_fd_sc_hd__nor2_2)
     8    0.021685    0.249175    0.223246    2.237861 ^ _14_/Y (sky130_fd_sc_hd__nor2_2)
                                                         _10_ (net)
                      0.249175    0.000120    2.237981 ^ _16_/A2 (sky130_fd_sc_hd__a22o_2)
     1    0.037410    0.195445    0.314380    2.552361 ^ _16_/X (sky130_fd_sc_hd__a22o_2)
                                                         reg_rdata[0] (net)
                      0.195446    0.000788    2.553149 ^ reg_rdata[0] (out)
                                              2.553149   data arrival time

                                 10.000000   10.000000   clock clk (rise edge)
                                  0.000000   10.000000   clock network delay (propagated)
                                 -0.250000    9.750000   clock uncertainty
                                  0.000000    9.750000   clock reconvergence pessimism
                                 -2.000000    7.750000   output external delay
                                              7.750000   data required time
---------------------------------------------------------------------------------------------
                                              7.750000   data required time
                                             -2.553149   data arrival time
---------------------------------------------------------------------------------------------
                                              5.196851   slack (MET)




===========================================================================
report_checks --slack_max -0.01
============================================================================
======================= min_tt_025C_1v80 Corner ===================================

No paths found.


===========================================================================
 report_check_types -max_slew -max_cap -max_fanout -violators
============================================================================
======================= min_tt_025C_1v80 Corner ===================================



===========================================================================
report_parasitic_annotation -report_unannotated
============================================================================
Found 1 unannotated drivers.
 clkload0/X
Found 0 partially unannotated drivers.

===========================================================================
max slew violation count 0
max fanout violation count 0
max cap violation count 0
============================================================================

===========================================================================
check_setup -verbose -unconstrained_endpoints -multiple_clock -no_clock -no_input_delay -loops -generated_clocks
===========================================================================
