Reading technology LEF file at '/root/.volare/sky130A/libs.ref/sky130_fd_sc_hd/techlef/sky130_fd_sc_hd__max.tlef'…
[INFO ODB-0227] LEF file: /root/.volare/sky130A/libs.ref/sky130_fd_sc_hd/techlef/sky130_fd_sc_hd__max.tlef, created 13 layers, 25 vias
Reading cell LEF file at '/root/.volare/sky130A/libs.ref/sky130_fd_sc_hd/lef/sky130_ef_sc_hd.lef'…
[WARNING ODB-0220] WARNING (LEFPARS-2008): NOWIREEXTENSIONATPIN statement is obsolete in version 5.6 or later.
The NOWIREEXTENSIONATPIN statement will be ignored. See file /root/.volare/sky130A/libs.ref/sky130_fd_sc_hd/lef/sky130_ef_sc_hd.lef at line 2.

[INFO ODB-0227] LEF file: /root/.volare/sky130A/libs.ref/sky130_fd_sc_hd/lef/sky130_ef_sc_hd.lef, created 4 library cells
Reading cell LEF file at '/root/.volare/sky130A/libs.ref/sky130_fd_sc_hd/lef/sky130_fd_sc_hd.lef'…
[WARNING ODB-0220] WARNING (LEFPARS-2008): NOWIREEXTENSIONATPIN statement is obsolete in version 5.6 or later.
The NOWIREEXTENSIONATPIN statement will be ignored. See file /root/.volare/sky130A/libs.ref/sky130_fd_sc_hd/lef/sky130_fd_sc_hd.lef at line 2.

[INFO ODB-0227] LEF file: /root/.volare/sky130A/libs.ref/sky130_fd_sc_hd/lef/sky130_fd_sc_hd.lef, created 437 library cells
[INFO ODB-0127] Reading DEF file: /content/openlane_run/30-openroad-fillinsertion/io_pad_wrapper.def
[INFO ODB-0128] Design: io_pad_wrapper
[INFO ODB-0130]     Created 33 pins.
[INFO ODB-0131]     Created 117 components and 572 component-terminals.
[INFO ODB-0132]     Created 2 special nets and 442 connections.
[INFO ODB-0133]     Created 51 nets and 129 connections.
[INFO ODB-0134] Finished DEF file: /content/openlane_run/30-openroad-fillinsertion/io_pad_wrapper.def
Using RCX ruleset '/root/.volare/sky130A/libs.tech/openlane/rules.openrcx.sky130A.max.calibre'…
[INFO RCX-0431] Defined process_corner CURRENT_CORNER with ext_model_index 0
[INFO RCX-0029] Defined extraction corner CURRENT_CORNER
[INFO RCX-0008] extracting parasitics of io_pad_wrapper ...
[INFO RCX-0435] Reading extraction model file /root/.volare/sky130A/libs.tech/openlane/rules.openrcx.sky130A.max.calibre ...
[INFO RCX-0436] RC segment generation io_pad_wrapper (max_merge_res 50.0) ...
[INFO RCX-0040] Final 212 rc segments
[INFO RCX-0439] Coupling Cap extraction io_pad_wrapper ...
[INFO RCX-0440] Coupling threshhold is 0.1000 fF, coupling capacitance less than 0.1000 fF will be grounded.
[INFO RCX-0043] 323 wires to be extracted
[INFO RCX-0442] 56% completion -- 183 wires have been extracted
[INFO RCX-0442] 100% completion -- 323 wires have been extracted
[INFO RCX-0045] Extract 51 nets, 263 rsegs, 263 caps, 316 ccs
[INFO RCX-0015] Finished extracting io_pad_wrapper.
Setting global connections for newly added cells…
[INFO] Setting global connections...
Writing extracted parasitics to '/content/openlane_run/31-openroad-rcx/max/io_pad_wrapper.max.spef'…
[INFO RCX-0016] Writing SPEF ...
[INFO RCX-0443] 51 nets finished
[INFO RCX-0017] Finished writing SPEF ...
