Reading OpenROAD database at '/content/openlane_run/24-openroad-generatepdn/io_pad_wrapper.odb'…
Reading library file at '/root/.volare/sky130A/libs.ref/sky130_fd_sc_hd/lib/sky130_fd_sc_hd__tt_025C_1v80.lib'…
Reading design constraints file at '/content/openlane_ipynb/openlane/scripts/base.sdc'…
[INFO] Using clock clk…
[INFO] Setting output delay to: 2
[INFO] Setting input delay to: 2
[INFO] Setting load to: 0.033442
[INFO] Setting clock uncertainty to: 0.25
[INFO] Setting clock transition to: 0.1499999999999999944488848768742172978818416595458984375
[INFO] Setting timing derate to: 5%
[INFO] Setting RC values…
[INFO] Setting signal min routing layer to: met1 and clock min routing layer to met1. 
[INFO] Setting signal max routing layer to: met5 and clock max routing layer to met5. 
[INFO GPL-0002] DBU: 1000
[INFO GPL-0003] SiteSize: (  0.460  2.720 ) um
[INFO GPL-0004] CoreBBox: (  5.520 10.880 ) ( 35.880 40.800 ) um
[INFO GPL-0006] NumInstances:                68
[INFO GPL-0007] NumPlaceInstances:           33
[INFO GPL-0008] NumFixedInstances:           35
[INFO GPL-0009] NumDummyInstances:            0
[INFO GPL-0010] NumNets:                     48
[INFO GPL-0011] NumPins:                    153
[INFO GPL-0012] DieBBox:  (  0.000  0.000 ) ( 41.795 52.515 ) um
[INFO GPL-0013] CoreBBox: (  5.520 10.880 ) ( 35.880 40.800 ) um
[INFO GPL-0016] CoreArea:               908.371 um^2
[INFO GPL-0017] NonPlaceInstsArea:       98.845 um^2
[INFO GPL-0018] PlaceInstsArea:         472.954 um^2
[INFO GPL-0019] Util:                    58.423 %
[INFO GPL-0020] StdInstsArea:           472.954 um^2
[INFO GPL-0021] MacroInstsArea:           0.000 um^2
[InitialPlace]  Iter: 1 CG residual: 0.00000008 HPWL: 1761865
[InitialPlace]  Iter: 2 CG residual: 0.00000006 HPWL: 1359645
[InitialPlace]  Iter: 3 CG residual: 0.00000006 HPWL: 1346190
[InitialPlace]  Iter: 4 CG residual: 0.00000008 HPWL: 1335404
[InitialPlace]  Iter: 5 CG residual: 0.00000011 HPWL: 1328011
[INFO GPL-0031] FillerInit:NumGCells:        36
[INFO GPL-0032] FillerInit:NumGNets:         48
[INFO GPL-0033] FillerInit:NumGPins:        153
[INFO GPL-0023] TargetDensity:            0.639
[INFO GPL-0024] AvrgPlaceInstArea:       14.332 um^2
[INFO GPL-0025] IdealBinArea:            22.444 um^2
[INFO GPL-0026] IdealBinCnt:                 40
[INFO GPL-0027] TotalBinArea:           908.371 um^2
[INFO GPL-0028] BinCnt:         4      4
[INFO GPL-0029] BinSize: (  7.590  7.480 )
[INFO GPL-0030] NumBins: 16
[NesterovSolve] Iter:    1 overflow: 0.429 HPWL: 1070347
[INFO GPL-0100] worst slack 5.19e-09
[INFO GPL-0103] Weighted 4 nets.
[NesterovSolve] Snapshot saved at iter = 0
[NesterovSolve] Iter:   10 overflow: 0.350 HPWL: 1050826
[NesterovSolve] Iter:   20 overflow: 0.352 HPWL: 1050285
[NesterovSolve] Iter:   30 overflow: 0.354 HPWL: 1050877
[NesterovSolve] Iter:   40 overflow: 0.352 HPWL: 1050423
[NesterovSolve] Iter:   50 overflow: 0.353 HPWL: 1050587
[NesterovSolve] Iter:   60 overflow: 0.353 HPWL: 1050564
[NesterovSolve] Iter:   70 overflow: 0.353 HPWL: 1050593
[NesterovSolve] Iter:   80 overflow: 0.353 HPWL: 1050634
[NesterovSolve] Iter:   90 overflow: 0.353 HPWL: 1050691
[NesterovSolve] Iter:  100 overflow: 0.353 HPWL: 1050766
[NesterovSolve] Iter:  110 overflow: 0.352 HPWL: 1050704
[NesterovSolve] Iter:  120 overflow: 0.352 HPWL: 1050792
[NesterovSolve] Iter:  130 overflow: 0.351 HPWL: 1050384
[NesterovSolve] Iter:  140 overflow: 0.350 HPWL: 1050294
[NesterovSolve] Iter:  150 overflow: 0.349 HPWL: 1050143
[NesterovSolve] Iter:  160 overflow: 0.346 HPWL: 1049857
[NesterovSolve] Iter:  170 overflow: 0.341 HPWL: 1049139
[NesterovSolve] Iter:  180 overflow: 0.333 HPWL: 1047951
[NesterovSolve] Iter:  190 overflow: 0.321 HPWL: 1045937
[NesterovSolve] Iter:  200 overflow: 0.307 HPWL: 1043850
[NesterovSolve] Iter:  210 overflow: 0.288 HPWL: 1040551
[INFO GPL-0100] worst slack 5.2e-09
[INFO GPL-0103] Weighted 4 nets.
[NesterovSolve] Iter:  220 overflow: 0.261 HPWL: 1035763
[NesterovSolve] Iter:  230 overflow: 0.224 HPWL: 1030898
[INFO GPL-0100] worst slack 5.2e-09
[INFO GPL-0103] Weighted 4 nets.
[INFO GPL-0075] Routability numCall: 1 inflationIterCnt: 1 bloatIterCnt: 0
[INFO GPL-0036] TileBBox: (    0    0 ) ( 6900 6900 ) DBU
[INFO GPL-0038] TileCnt:       6    7
[INFO GPL-0039] numRoutingLayers: 6
[INFO GPL-0040] NumTiles: 42
[INFO GPL-0063] TotalRouteOverflowH2: 0
[INFO GPL-0064] TotalRouteOverflowV2: 0
[INFO GPL-0065] OverflowTileCnt2: 0
[INFO GPL-0066] 0.5%RC: 1.0000
[INFO GPL-0067] 1.0%RC: 0.9750
[INFO GPL-0068] 2.0%RC: 0.9667
[INFO GPL-0069] 5.0%RC: 0.8125
[INFO GPL-0070] 0.5rcK: 1
[INFO GPL-0071] 1.0rcK: 1
[INFO GPL-0072] 2.0rcK: 0
[INFO GPL-0073] 5.0rcK: 0
[INFO GPL-0074] FinalRC: 0.9875
[INFO GPL-0077] FinalRC lower than targetRC(1), routability not needed.
[NesterovSolve] Iter:  240 overflow: 0.190 HPWL: 1028013
[INFO GPL-0100] worst slack 5.2e-09
[INFO GPL-0103] Weighted 4 nets.
[NesterovSolve] Iter:  250 overflow: 0.134 HPWL: 1022412
[NesterovSolve] Iter:  260 overflow: 0.101 HPWL: 1020260
[NesterovSolve] Finished with Overflow: 0.097191
[INFO] Setting RC values…
Setting global connections for newly added cells…
[INFO] Setting global connections...
Writing OpenROAD database to '/content/openlane_run/25-openroad-globalplacement/io_pad_wrapper.odb'…
Writing netlist to '/content/openlane_run/25-openroad-globalplacement/io_pad_wrapper.nl.v'…
Writing powered netlist to '/content/openlane_run/25-openroad-globalplacement/io_pad_wrapper.pnl.v'…
Writing layout to '/content/openlane_run/25-openroad-globalplacement/io_pad_wrapper.def'…
Writing timing constraints to '/content/openlane_run/25-openroad-globalplacement/io_pad_wrapper.sdc'…
