Reading OpenROAD database at '/content/openlane_run/22-openroad-tapendcapinsertion/io_pad_wrapper.odb'…
Reading library file at '/root/.volare/sky130A/libs.ref/sky130_fd_sc_hd/lib/sky130_fd_sc_hd__tt_025C_1v80.lib'…
Reading design constraints file at '/content/openlane_ipynb/openlane/scripts/base.sdc'…
[INFO] Using clock clk…
[INFO] Setting output delay to: 2
[INFO] Setting input delay to: 2
[INFO] Setting load to: 0.033442
[INFO] Setting clock uncertainty to: 0.25
[INFO] Setting clock transition to: 0.1499999999999999944488848768742172978818416595458984375
[INFO] Setting timing derate to: 5%
[INFO] place_pins args: -min_distance 3
Found 0 macro blocks.
[INFO PPL-0010] Tentative 0 to set up sections.
[INFO PPL-0001] Number of slots           58
[INFO PPL-0002] Number of I/O             31
[INFO PPL-0003] Number of I/O w/sink      31
[INFO PPL-0004] Number of I/O w/o sink    0
[INFO PPL-0005] Slots per section         200
[INFO PPL-0006] Slots increase factor     0.01
[INFO PPL-0008] Successfully assigned pins to sections.
[INFO PPL-0012] I/O nets HPWL: 1057.10 um.
Setting global connections for newly added cells…
[INFO] Setting global connections...
Writing OpenROAD database to '/content/openlane_run/23-openroad-ioplacement/io_pad_wrapper.odb'…
Writing netlist to '/content/openlane_run/23-openroad-ioplacement/io_pad_wrapper.nl.v'…
Writing powered netlist to '/content/openlane_run/23-openroad-ioplacement/io_pad_wrapper.pnl.v'…
Writing layout to '/content/openlane_run/23-openroad-ioplacement/io_pad_wrapper.def'…
Writing timing constraints to '/content/openlane_run/23-openroad-ioplacement/io_pad_wrapper.sdc'…
