
===========================================================================
report_checks -unconstrained
===========================================================================
======================= min_ss_100C_1v60 Corner ===================================

Startpoint: rst_n (input port clocked by clk)
Endpoint: _38_ (recovery check against rising-edge clock clk)
Path Group: asynchronous
Path Type: max

Fanout         Cap        Slew       Delay        Time   Description
---------------------------------------------------------------------------------------------
                                  0.000000    0.000000   clock clk (rise edge)
                                  0.000000    0.000000   clock network delay (propagated)
                                  2.000000    2.000000 ^ input external delay
    10    0.042592    0.307969    0.214102    2.214102 ^ rst_n (in)
                                                         rst_n (net)
                      0.307976    0.000000    2.214102 ^ _38_/RESET_B (sky130_fd_sc_hd__dfrtp_2)
                                              2.214102   data arrival time

                                 10.000000   10.000000   clock clk (rise edge)
                                  0.000000   10.000000   clock source latency
     1    0.011836    0.093701    0.061554   10.061555 ^ clk (in)
                                                         clk (net)
                      0.093702    0.000000   10.061555 ^ clkbuf_0_clk/A (sky130_fd_sc_hd__clkbuf_16)
     2    0.019500    0.066802    0.231705   10.293260 ^ clkbuf_0_clk/X (sky130_fd_sc_hd__clkbuf_16)
                                                         clknet_0_clk (net)
                      0.066802    0.000197   10.293457 ^ clkbuf_1_0__f_clk/A (sky130_fd_sc_hd__clkbuf_16)
     5    0.014074    0.060042    0.211748   10.505205 ^ clkbuf_1_0__f_clk/X (sky130_fd_sc_hd__clkbuf_16)
                                                         clknet_1_0__leaf_clk (net)
                      0.060042    0.000102   10.505307 ^ _38_/CLK (sky130_fd_sc_hd__dfrtp_2)
                                 -0.250000   10.255307   clock uncertainty
                                  0.000000   10.255307   clock reconvergence pessimism
                                  0.339436   10.594743   library recovery time
                                             10.594743   data required time
---------------------------------------------------------------------------------------------
                                             10.594743   data required time
                                             -2.214102   data arrival time
---------------------------------------------------------------------------------------------
                                              8.380640   slack (MET)


Startpoint: reg_addr[1] (input port clocked by clk)
Endpoint: reg_rdata[0] (output port clocked by clk)
Path Group: clk
Path Type: max

Fanout         Cap        Slew       Delay        Time   Description
---------------------------------------------------------------------------------------------
                                  0.000000    0.000000   clock clk (rise edge)
                                  0.000000    0.000000   clock network delay (propagated)
                                  2.000000    2.000000 ^ input external delay
     3    0.009508    0.077756    0.049896    2.049896 ^ reg_addr[1] (in)
                                                         reg_addr[1] (net)
                      0.077756    0.000000    2.049896 ^ _15_/A_N (sky130_fd_sc_hd__and2b_2)
     2    0.005876    0.084467    0.462165    2.512061 v _15_/X (sky130_fd_sc_hd__and2b_2)
                                                         _11_ (net)
                      0.084467    0.000068    2.512129 v _16_/B1 (sky130_fd_sc_hd__a22o_2)
     1    0.037410    0.209306    0.548856    3.060985 v _16_/X (sky130_fd_sc_hd__a22o_2)
                                                         reg_rdata[0] (net)
                      0.209307    0.000788    3.061773 v reg_rdata[0] (out)
                                              3.061773   data arrival time

                                 10.000000   10.000000   clock clk (rise edge)
                                  0.000000   10.000000   clock network delay (propagated)
                                 -0.250000    9.750000   clock uncertainty
                                  0.000000    9.750000   clock reconvergence pessimism
                                 -2.000000    7.750000   output external delay
                                              7.750000   data required time
---------------------------------------------------------------------------------------------
                                              7.750000   data required time
                                             -3.061773   data arrival time
---------------------------------------------------------------------------------------------
                                              4.688227   slack (MET)




===========================================================================
report_checks --slack_max -0.01
============================================================================
======================= min_ss_100C_1v60 Corner ===================================

No paths found.


===========================================================================
 report_check_types -max_slew -max_cap -max_fanout -violators
============================================================================
======================= min_ss_100C_1v60 Corner ===================================



===========================================================================
report_parasitic_annotation -report_unannotated
============================================================================
Found 1 unannotated drivers.
 clkload0/X
Found 0 partially unannotated drivers.

===========================================================================
max slew violation count 0
max fanout violation count 0
max cap violation count 0
============================================================================

===========================================================================
check_setup -verbose -unconstrained_endpoints -multiple_clock -no_clock -no_input_delay -loops -generated_clocks
===========================================================================
