
===========================================================================
 report_power
============================================================================
======================= min_ss_100C_1v60 Corner ===================================

Group                    Internal    Switching      Leakage        Total
                            Power        Power        Power        Power (Watts)
------------------------------------------------------------------------
Sequential           3.745936e-05 1.240200e-05 1.948112e-07 5.005617e-05  40.5%
Combinational        5.140121e-06 6.986413e-06 1.372043e-07 1.226374e-05   9.9%
Clock                4.850638e-05 1.273388e-05 6.793681e-08 6.130819e-05  49.6%
Macro                0.000000e+00 0.000000e+00 0.000000e+00 0.000000e+00   0.0%
Pad                  0.000000e+00 0.000000e+00 0.000000e+00 0.000000e+00   0.0%
------------------------------------------------------------------------
Total                9.110587e-05 3.212229e-05 3.999523e-07 1.236281e-04 100.0%
                            73.7%        26.0%         0.3%

