
===========================================================================
report_checks -unconstrained
===========================================================================
======================= nom_tt_025C_1v80 Corner ===================================

Startpoint: rst_n (input port clocked by clk)
Endpoint: _38_ (recovery check against rising-edge clock clk)
Path Group: asynchronous
Path Type: max

Fanout         Cap        Slew       Delay        Time   Description
---------------------------------------------------------------------------------------------
                                  0.000000    0.000000   clock clk (rise edge)
                                  0.000000    0.000000   clock network delay (propagated)
                                  2.000000    2.000000 ^ input external delay
    10    0.047135    0.216324    0.150580    2.150579 ^ rst_n (in)
                                                         rst_n (net)
                      0.216349    0.000000    2.150579 ^ _38_/RESET_B (sky130_fd_sc_hd__dfrtp_2)
                                              2.150579   data arrival time

                                 10.000000   10.000000   clock clk (rise edge)
                                  0.000000   10.000000   clock source latency
     1    0.012132    0.060894    0.041038   10.041039 ^ clk (in)
                                                         clk (net)
                      0.060899    0.000000   10.041039 ^ clkbuf_0_clk/A (sky130_fd_sc_hd__clkbuf_16)
     2    0.019921    0.041781    0.131028   10.172066 ^ clkbuf_0_clk/X (sky130_fd_sc_hd__clkbuf_16)
                                                         clknet_0_clk (net)
                      0.041783    0.000512   10.172578 ^ clkbuf_1_0__f_clk/A (sky130_fd_sc_hd__clkbuf_16)
     5    0.014774    0.037401    0.119224   10.291801 ^ clkbuf_1_0__f_clk/X (sky130_fd_sc_hd__clkbuf_16)
                                                         clknet_1_0__leaf_clk (net)
                      0.037401    0.000276   10.292078 ^ _38_/CLK (sky130_fd_sc_hd__dfrtp_2)
                                 -0.250000   10.042078   clock uncertainty
                                  0.000000   10.042078   clock reconvergence pessimism
                                  0.165655   10.207733   library recovery time
                                             10.207733   data required time
---------------------------------------------------------------------------------------------
                                             10.207733   data required time
                                             -2.150579   data arrival time
---------------------------------------------------------------------------------------------
                                              8.057154   slack (MET)


Startpoint: reg_addr[1] (input port clocked by clk)
Endpoint: reg_rdata[0] (output port clocked by clk)
Path Group: clk
Path Type: max

Fanout         Cap        Slew       Delay        Time   Description
---------------------------------------------------------------------------------------------
                                  0.000000    0.000000   clock clk (rise edge)
                                  0.000000    0.000000   clock network delay (propagated)
                                  2.000000    2.000000 v input external delay
     3    0.009179    0.022717    0.014912    2.014912 v reg_addr[1] (in)
                                                         reg_addr[1] (net)
                      0.022719    0.000000    2.014912 v _14_/A (sky130_fd_sc_hd__nor2_2)
     8    0.022462    0.257215    0.228953    2.243865 ^ _14_/Y (sky130_fd_sc_hd__nor2_2)
                                                         _10_ (net)
                      0.257216    0.000386    2.244251 ^ _16_/A2 (sky130_fd_sc_hd__a22o_2)
     1    0.037766    0.197291    0.317318    2.561569 ^ _16_/X (sky130_fd_sc_hd__a22o_2)
                                                         reg_rdata[0] (net)
                      0.197297    0.001400    2.562969 ^ reg_rdata[0] (out)
                                              2.562969   data arrival time

                                 10.000000   10.000000   clock clk (rise edge)
                                  0.000000   10.000000   clock network delay (propagated)
                                 -0.250000    9.750000   clock uncertainty
                                  0.000000    9.750000   clock reconvergence pessimism
                                 -2.000000    7.750000   output external delay
                                              7.750000   data required time
---------------------------------------------------------------------------------------------
                                              7.750000   data required time
                                             -2.562969   data arrival time
---------------------------------------------------------------------------------------------
                                              5.187031   slack (MET)




===========================================================================
report_checks --slack_max -0.01
============================================================================
======================= nom_tt_025C_1v80 Corner ===================================

No paths found.


===========================================================================
 report_check_types -max_slew -max_cap -max_fanout -violators
============================================================================
======================= nom_tt_025C_1v80 Corner ===================================



===========================================================================
report_parasitic_annotation -report_unannotated
============================================================================
Found 1 unannotated drivers.
 clkload0/X
Found 0 partially unannotated drivers.

===========================================================================
max slew violation count 0
max fanout violation count 0
max cap violation count 0
============================================================================

===========================================================================
check_setup -verbose -unconstrained_endpoints -multiple_clock -no_clock -no_input_delay -loops -generated_clocks
===========================================================================
