
===========================================================================
 report_power
============================================================================
======================= nom_tt_025C_1v80 Corner ===================================

Group                    Internal    Switching      Leakage        Total
                            Power        Power        Power        Power (Watts)
------------------------------------------------------------------------
Sequential           4.829600e-05 1.601758e-05 1.138649e-10 6.431369e-05  41.1%
Combinational        6.328588e-06 9.070045e-06 9.313646e-11 1.539873e-05   9.8%
Clock                5.975470e-05 1.688004e-05 1.867212e-10 7.663493e-05  49.0%
Macro                0.000000e+00 0.000000e+00 0.000000e+00 0.000000e+00   0.0%
Pad                  0.000000e+00 0.000000e+00 0.000000e+00 0.000000e+00   0.0%
------------------------------------------------------------------------
Total                1.143793e-04 4.196766e-05 3.937225e-10 1.563473e-04 100.0%
                            73.2%        26.8%         0.0%

