
===========================================================================
report_checks -unconstrained
===========================================================================
======================= min_ff_n40C_1v95 Corner ===================================

Startpoint: rst_n (input port clocked by clk)
Endpoint: _38_ (recovery check against rising-edge clock clk)
Path Group: asynchronous
Path Type: max

Fanout         Cap        Slew       Delay        Time   Description
---------------------------------------------------------------------------------------------
                                  0.000000    0.000000   clock clk (rise edge)
                                  0.000000    0.000000   clock network delay (propagated)
                                  2.000000    2.000000 ^ input external delay
    10    0.046132    0.158236    0.110074    2.110074 ^ rst_n (in)
                                                         rst_n (net)
                      0.158254    0.000000    2.110074 ^ _38_/RESET_B (sky130_fd_sc_hd__dfrtp_2)
                                              2.110074   data arrival time

                                 10.000000   10.000000   clock clk (rise edge)
                                  0.000000   10.000000   clock source latency
     1    0.011905    0.044975    0.029751   10.029752 ^ clk (in)
                                                         clk (net)
                      0.044977    0.000000   10.029752 ^ clkbuf_0_clk/A (sky130_fd_sc_hd__clkbuf_16)
     2    0.019638    0.030965    0.088291   10.118043 ^ clkbuf_0_clk/X (sky130_fd_sc_hd__clkbuf_16)
                                                         clknet_0_clk (net)
                      0.030965    0.000199   10.118241 ^ clkbuf_1_0__f_clk/A (sky130_fd_sc_hd__clkbuf_16)
     5    0.014821    0.027720    0.080972   10.199213 ^ clkbuf_1_0__f_clk/X (sky130_fd_sc_hd__clkbuf_16)
                                                         clknet_1_0__leaf_clk (net)
                      0.027720    0.000109   10.199323 ^ _38_/CLK (sky130_fd_sc_hd__dfrtp_2)
                                 -0.250000    9.949323   clock uncertainty
                                  0.000000    9.949323   clock reconvergence pessimism
                                  0.100520   10.049842   library recovery time
                                             10.049842   data required time
---------------------------------------------------------------------------------------------
                                             10.049842   data required time
                                             -2.110074   data arrival time
---------------------------------------------------------------------------------------------
                                              7.939768   slack (MET)


Startpoint: reg_addr[1] (input port clocked by clk)
Endpoint: reg_rdata[4] (output port clocked by clk)
Path Group: clk
Path Type: max

Fanout         Cap        Slew       Delay        Time   Description
---------------------------------------------------------------------------------------------
                                  0.000000    0.000000   clock clk (rise edge)
                                  0.000000    0.000000   clock network delay (propagated)
                                  2.000000    2.000000 v input external delay
     3    0.009197    0.015018    0.008973    2.008973 v reg_addr[1] (in)
                                                         reg_addr[1] (net)
                      0.015023    0.000000    2.008973 v _14_/A (sky130_fd_sc_hd__nor2_2)
     8    0.022285    0.184946    0.160642    2.169614 ^ _14_/Y (sky130_fd_sc_hd__nor2_2)
                                                         _10_ (net)
                      0.184947    0.000361    2.169975 ^ _20_/B (sky130_fd_sc_hd__and2_2)
     1    0.036331    0.143093    0.196170    2.366145 ^ _20_/X (sky130_fd_sc_hd__and2_2)
                                                         reg_rdata[4] (net)
                      0.143093    0.000296    2.366441 ^ reg_rdata[4] (out)
                                              2.366441   data arrival time

                                 10.000000   10.000000   clock clk (rise edge)
                                  0.000000   10.000000   clock network delay (propagated)
                                 -0.250000    9.750000   clock uncertainty
                                  0.000000    9.750000   clock reconvergence pessimism
                                 -2.000000    7.750000   output external delay
                                              7.750000   data required time
---------------------------------------------------------------------------------------------
                                              7.750000   data required time
                                             -2.366441   data arrival time
---------------------------------------------------------------------------------------------
                                              5.383560   slack (MET)




===========================================================================
report_checks --slack_max -0.01
============================================================================
======================= min_ff_n40C_1v95 Corner ===================================

No paths found.


===========================================================================
 report_check_types -max_slew -max_cap -max_fanout -violators
============================================================================
======================= min_ff_n40C_1v95 Corner ===================================



===========================================================================
report_parasitic_annotation -report_unannotated
============================================================================
Found 1 unannotated drivers.
 clkload0/X
Found 0 partially unannotated drivers.

===========================================================================
max slew violation count 0
max fanout violation count 0
max cap violation count 0
============================================================================

===========================================================================
check_setup -verbose -unconstrained_endpoints -multiple_clock -no_clock -no_input_delay -loops -generated_clocks
===========================================================================
