
===========================================================================
 report_power
============================================================================
======================= min_ff_n40C_1v95 Corner ===================================

Group                    Internal    Switching      Leakage        Total
                            Power        Power        Power        Power (Watts)
------------------------------------------------------------------------
Sequential           5.608645e-05 1.862189e-05 2.005704e-10 7.470854e-05  41.4%
Combinational        7.008442e-06 1.058154e-05 1.787423e-10 1.759016e-05   9.7%
Clock                6.857285e-05 1.965463e-05 3.905343e-10 8.822788e-05  48.9%
Macro                0.000000e+00 0.000000e+00 0.000000e+00 0.000000e+00   0.0%
Pad                  0.000000e+00 0.000000e+00 0.000000e+00 0.000000e+00   0.0%
------------------------------------------------------------------------
Total                1.316678e-04 4.885806e-05 7.698468e-10 1.805266e-04 100.0%
                            72.9%        27.1%         0.0%

