
===========================================================================
report_checks -unconstrained
===========================================================================
======================= max_ff_n40C_1v95 Corner ===================================

Startpoint: rst_n (input port clocked by clk)
Endpoint: _38_ (recovery check against rising-edge clock clk)
Path Group: asynchronous
Path Type: max

Fanout         Cap        Slew       Delay        Time   Description
---------------------------------------------------------------------------------------------
                                  0.000000    0.000000   clock clk (rise edge)
                                  0.000000    0.000000   clock network delay (propagated)
                                  2.000000    2.000000 ^ input external delay
    10    0.048403    0.165929    0.116093    2.116093 ^ rst_n (in)
                                                         rst_n (net)
                      0.166008    0.000000    2.116093 ^ _38_/RESET_B (sky130_fd_sc_hd__dfrtp_2)
                                              2.116093   data arrival time

                                 10.000000   10.000000   clock clk (rise edge)
                                  0.000000   10.000000   clock source latency
     1    0.012534    0.047145    0.031508   10.031508 ^ clk (in)
                                                         clk (net)
                      0.047161    0.000000   10.031508 ^ clkbuf_0_clk/A (sky130_fd_sc_hd__clkbuf_16)
     2    0.020597    0.031616    0.089185   10.120693 ^ clkbuf_0_clk/X (sky130_fd_sc_hd__clkbuf_16)
                                                         clknet_0_clk (net)
                      0.031654    0.001233   10.121925 ^ clkbuf_1_0__f_clk/A (sky130_fd_sc_hd__clkbuf_16)
     5    0.015452    0.028141    0.081431   10.203357 ^ clkbuf_1_0__f_clk/X (sky130_fd_sc_hd__clkbuf_16)
                                                         clknet_1_0__leaf_clk (net)
                      0.028148    0.000666   10.204022 ^ _38_/CLK (sky130_fd_sc_hd__dfrtp_2)
                                 -0.250000    9.954022   clock uncertainty
                                  0.000000    9.954022   clock reconvergence pessimism
                                  0.098596   10.052619   library recovery time
                                             10.052619   data required time
---------------------------------------------------------------------------------------------
                                             10.052619   data required time
                                             -2.116093   data arrival time
---------------------------------------------------------------------------------------------
                                              7.936525   slack (MET)


Startpoint: reg_addr[1] (input port clocked by clk)
Endpoint: reg_rdata[4] (output port clocked by clk)
Path Group: clk
Path Type: max

Fanout         Cap        Slew       Delay        Time   Description
---------------------------------------------------------------------------------------------
                                  0.000000    0.000000   clock clk (rise edge)
                                  0.000000    0.000000   clock network delay (propagated)
                                  2.000000    2.000000 v input external delay
     3    0.009564    0.015577    0.009512    2.009512 v reg_addr[1] (in)
                                                         reg_addr[1] (net)
                      0.015589    0.000000    2.009512 v _14_/A (sky130_fd_sc_hd__nor2_2)
     8    0.024046    0.198184    0.169286    2.178798 ^ _14_/Y (sky130_fd_sc_hd__nor2_2)
                                                         _10_ (net)
                      0.198212    0.001957    2.180754 ^ _20_/B (sky130_fd_sc_hd__and2_2)
     1    0.036904    0.144980    0.198194    2.378948 ^ _20_/X (sky130_fd_sc_hd__and2_2)
                                                         reg_rdata[4] (net)
                      0.145064    0.001908    2.380857 ^ reg_rdata[4] (out)
                                              2.380857   data arrival time

                                 10.000000   10.000000   clock clk (rise edge)
                                  0.000000   10.000000   clock network delay (propagated)
                                 -0.250000    9.750000   clock uncertainty
                                  0.000000    9.750000   clock reconvergence pessimism
                                 -2.000000    7.750000   output external delay
                                              7.750000   data required time
---------------------------------------------------------------------------------------------
                                              7.750000   data required time
                                             -2.380857   data arrival time
---------------------------------------------------------------------------------------------
                                              5.369143   slack (MET)




===========================================================================
report_checks --slack_max -0.01
============================================================================
======================= max_ff_n40C_1v95 Corner ===================================

No paths found.


===========================================================================
 report_check_types -max_slew -max_cap -max_fanout -violators
============================================================================
======================= max_ff_n40C_1v95 Corner ===================================



===========================================================================
report_parasitic_annotation -report_unannotated
============================================================================
Found 1 unannotated drivers.
 clkload0/X
Found 0 partially unannotated drivers.

===========================================================================
max slew violation count 0
max fanout violation count 0
max cap violation count 0
============================================================================

===========================================================================
check_setup -verbose -unconstrained_endpoints -multiple_clock -no_clock -no_input_delay -loops -generated_clocks
===========================================================================
