
===========================================================================
 report_power
============================================================================
======================= max_ff_n40C_1v95 Corner ===================================

Group                    Internal    Switching      Leakage        Total
                            Power        Power        Power        Power (Watts)
------------------------------------------------------------------------
Sequential           5.607954e-05 1.922725e-05 2.005704e-10 7.530699e-05  41.2%
Combinational        7.021043e-06 1.088592e-05 1.787423e-10 1.790714e-05   9.8%
Clock                6.864240e-05 2.074607e-05 3.905343e-10 8.938886e-05  49.0%
Macro                0.000000e+00 0.000000e+00 0.000000e+00 0.000000e+00   0.0%
Pad                  0.000000e+00 0.000000e+00 0.000000e+00 0.000000e+00   0.0%
------------------------------------------------------------------------
Total                1.317430e-04 5.085924e-05 7.698468e-10 1.826030e-04 100.0%
                            72.1%        27.9%         0.0%

