
===========================================================================
report_checks -path_delay max (Setup)
============================================================================
======================= nom_ff_n40C_1v95 Corner ===================================

Startpoint: reg_addr[1] (input port clocked by clk)
Endpoint: reg_rdata[4] (output port clocked by clk)
Path Group: clk
Path Type: max

Fanout         Cap        Slew       Delay        Time   Description
---------------------------------------------------------------------------------------------
                                  0.000000    0.000000   clock clk (rise edge)
                                  0.000000    0.000000   clock network delay (propagated)
                                  2.000000    2.000000 v input external delay
     3    0.009355    0.015288    0.009188    2.009188 v reg_addr[1] (in)
                                                         reg_addr[1] (net)
                      0.015291    0.000000    2.009188 v _14_/A (sky130_fd_sc_hd__nor2_2)
     8    0.023062    0.190739    0.164622    2.173810 ^ _14_/Y (sky130_fd_sc_hd__nor2_2)
                                                         _10_ (net)
                      0.190743    0.000776    2.174586 ^ _20_/B (sky130_fd_sc_hd__and2_2)
     1    0.036666    0.144412    0.197391    2.371977 ^ _20_/X (sky130_fd_sc_hd__and2_2)
                                                         reg_rdata[4] (net)
                      0.144414    0.000798    2.372775 ^ reg_rdata[4] (out)
                                              2.372775   data arrival time

                                 10.000000   10.000000   clock clk (rise edge)
                                  0.000000   10.000000   clock network delay (propagated)
                                 -0.250000    9.750000   clock uncertainty
                                  0.000000    9.750000   clock reconvergence pessimism
                                 -2.000000    7.750000   output external delay
                                              7.750000   data required time
---------------------------------------------------------------------------------------------
                                              7.750000   data required time
                                             -2.372775   data arrival time
---------------------------------------------------------------------------------------------
                                              5.377225   slack (MET)


Startpoint: reg_addr[1] (input port clocked by clk)
Endpoint: reg_rdata[3] (output port clocked by clk)
Path Group: clk
Path Type: max

Fanout         Cap        Slew       Delay        Time   Description
---------------------------------------------------------------------------------------------
                                  0.000000    0.000000   clock clk (rise edge)
                                  0.000000    0.000000   clock network delay (propagated)
                                  2.000000    2.000000 v input external delay
     3    0.009355    0.015288    0.009188    2.009188 v reg_addr[1] (in)
                                                         reg_addr[1] (net)
                      0.015291    0.000000    2.009188 v _14_/A (sky130_fd_sc_hd__nor2_2)
     8    0.023062    0.190739    0.164622    2.173810 ^ _14_/Y (sky130_fd_sc_hd__nor2_2)
                                                         _10_ (net)
                      0.190745    0.000900    2.174711 ^ _19_/B (sky130_fd_sc_hd__and2_2)
     1    0.036407    0.143565    0.196370    2.371081 ^ _19_/X (sky130_fd_sc_hd__and2_2)
                                                         reg_rdata[3] (net)
                      0.143575    0.001335    2.372416 ^ reg_rdata[3] (out)
                                              2.372416   data arrival time

                                 10.000000   10.000000   clock clk (rise edge)
                                  0.000000   10.000000   clock network delay (propagated)
                                 -0.250000    9.750000   clock uncertainty
                                  0.000000    9.750000   clock reconvergence pessimism
                                 -2.000000    7.750000   output external delay
                                              7.750000   data required time
---------------------------------------------------------------------------------------------
                                              7.750000   data required time
                                             -2.372416   data arrival time
---------------------------------------------------------------------------------------------
                                              5.377584   slack (MET)


Startpoint: reg_addr[1] (input port clocked by clk)
Endpoint: reg_rdata[2] (output port clocked by clk)
Path Group: clk
Path Type: max

Fanout         Cap        Slew       Delay        Time   Description
---------------------------------------------------------------------------------------------
                                  0.000000    0.000000   clock clk (rise edge)
                                  0.000000    0.000000   clock network delay (propagated)
                                  2.000000    2.000000 v input external delay
     3    0.009355    0.015288    0.009188    2.009188 v reg_addr[1] (in)
                                                         reg_addr[1] (net)
                      0.015291    0.000000    2.009188 v _14_/A (sky130_fd_sc_hd__nor2_2)
     8    0.023062    0.190739    0.164622    2.173810 ^ _14_/Y (sky130_fd_sc_hd__nor2_2)
                                                         _10_ (net)
                      0.190740    0.000375    2.174185 ^ _18_/B (sky130_fd_sc_hd__and2_2)
     1    0.036356    0.143353    0.196372    2.370557 ^ _18_/X (sky130_fd_sc_hd__and2_2)
                                                         reg_rdata[2] (net)
                      0.143359    0.001138    2.371695 ^ reg_rdata[2] (out)
                                              2.371695   data arrival time

                                 10.000000   10.000000   clock clk (rise edge)
                                  0.000000   10.000000   clock network delay (propagated)
                                 -0.250000    9.750000   clock uncertainty
                                  0.000000    9.750000   clock reconvergence pessimism
                                 -2.000000    7.750000   output external delay
                                              7.750000   data required time
---------------------------------------------------------------------------------------------
                                              7.750000   data required time
                                             -2.371695   data arrival time
---------------------------------------------------------------------------------------------
                                              5.378305   slack (MET)


Startpoint: reg_addr[1] (input port clocked by clk)
Endpoint: reg_rdata[6] (output port clocked by clk)
Path Group: clk
Path Type: max

Fanout         Cap        Slew       Delay        Time   Description
---------------------------------------------------------------------------------------------
                                  0.000000    0.000000   clock clk (rise edge)
                                  0.000000    0.000000   clock network delay (propagated)
                                  2.000000    2.000000 v input external delay
     3    0.009355    0.015288    0.009188    2.009188 v reg_addr[1] (in)
                                                         reg_addr[1] (net)
                      0.015291    0.000000    2.009188 v _14_/A (sky130_fd_sc_hd__nor2_2)
     8    0.023062    0.190739    0.164622    2.173810 ^ _14_/Y (sky130_fd_sc_hd__nor2_2)
                                                         _10_ (net)
                      0.190745    0.000913    2.174723 ^ _22_/B (sky130_fd_sc_hd__and2_2)
     1    0.034944    0.138258    0.192893    2.367617 ^ _22_/X (sky130_fd_sc_hd__and2_2)
                                                         reg_rdata[6] (net)
                      0.138261    0.000898    2.368515 ^ reg_rdata[6] (out)
                                              2.368515   data arrival time

                                 10.000000   10.000000   clock clk (rise edge)
                                  0.000000   10.000000   clock network delay (propagated)
                                 -0.250000    9.750000   clock uncertainty
                                  0.000000    9.750000   clock reconvergence pessimism
                                 -2.000000    7.750000   output external delay
                                              7.750000   data required time
---------------------------------------------------------------------------------------------
                                              7.750000   data required time
                                             -2.368515   data arrival time
---------------------------------------------------------------------------------------------
                                              5.381485   slack (MET)


Startpoint: reg_addr[1] (input port clocked by clk)
Endpoint: reg_rdata[0] (output port clocked by clk)
Path Group: clk
Path Type: max

Fanout         Cap        Slew       Delay        Time   Description
---------------------------------------------------------------------------------------------
                                  0.000000    0.000000   clock clk (rise edge)
                                  0.000000    0.000000   clock network delay (propagated)
                                  2.000000    2.000000 v input external delay
     3    0.009355    0.015288    0.009188    2.009188 v reg_addr[1] (in)
                                                         reg_addr[1] (net)
                      0.015291    0.000000    2.009188 v _14_/A (sky130_fd_sc_hd__nor2_2)
     8    0.023062    0.190739    0.164622    2.173810 ^ _14_/Y (sky130_fd_sc_hd__nor2_2)
                                                         _10_ (net)
                      0.190740    0.000396    2.174206 ^ _16_/A2 (sky130_fd_sc_hd__a22o_2)
     1    0.037766    0.147596    0.192276    2.366481 ^ _16_/X (sky130_fd_sc_hd__a22o_2)
                                                         reg_rdata[0] (net)
                      0.147661    0.001400    2.367881 ^ reg_rdata[0] (out)
                                              2.367881   data arrival time

                                 10.000000   10.000000   clock clk (rise edge)
                                  0.000000   10.000000   clock network delay (propagated)
                                 -0.250000    9.750000   clock uncertainty
                                  0.000000    9.750000   clock reconvergence pessimism
                                 -2.000000    7.750000   output external delay
                                              7.750000   data required time
---------------------------------------------------------------------------------------------
                                              7.750000   data required time
                                             -2.367881   data arrival time
---------------------------------------------------------------------------------------------
                                              5.382119   slack (MET)


Startpoint: reg_addr[1] (input port clocked by clk)
Endpoint: reg_rdata[1] (output port clocked by clk)
Path Group: clk
Path Type: max

Fanout         Cap        Slew       Delay        Time   Description
---------------------------------------------------------------------------------------------
                                  0.000000    0.000000   clock clk (rise edge)
                                  0.000000    0.000000   clock network delay (propagated)
                                  2.000000    2.000000 v input external delay
     3    0.009355    0.015288    0.009188    2.009188 v reg_addr[1] (in)
                                                         reg_addr[1] (net)
                      0.015291    0.000000    2.009188 v _14_/A (sky130_fd_sc_hd__nor2_2)
     8    0.023062    0.190739    0.164622    2.173810 ^ _14_/Y (sky130_fd_sc_hd__nor2_2)
                                                         _10_ (net)
                      0.190741    0.000546    2.174356 ^ _17_/A2 (sky130_fd_sc_hd__a22o_2)
     1    0.037455    0.146460    0.191510    2.365866 ^ _17_/X (sky130_fd_sc_hd__a22o_2)
                                                         reg_rdata[1] (net)
                      0.146524    0.001352    2.367218 ^ reg_rdata[1] (out)
                                              2.367218   data arrival time

                                 10.000000   10.000000   clock clk (rise edge)
                                  0.000000   10.000000   clock network delay (propagated)
                                 -0.250000    9.750000   clock uncertainty
                                  0.000000    9.750000   clock reconvergence pessimism
                                 -2.000000    7.750000   output external delay
                                              7.750000   data required time
---------------------------------------------------------------------------------------------
                                              7.750000   data required time
                                             -2.367218   data arrival time
---------------------------------------------------------------------------------------------
                                              5.382782   slack (MET)


Startpoint: reg_addr[1] (input port clocked by clk)
Endpoint: reg_rdata[7] (output port clocked by clk)
Path Group: clk
Path Type: max

Fanout         Cap        Slew       Delay        Time   Description
---------------------------------------------------------------------------------------------
                                  0.000000    0.000000   clock clk (rise edge)
                                  0.000000    0.000000   clock network delay (propagated)
                                  2.000000    2.000000 v input external delay
     3    0.009355    0.015288    0.009188    2.009188 v reg_addr[1] (in)
                                                         reg_addr[1] (net)
                      0.015291    0.000000    2.009188 v _14_/A (sky130_fd_sc_hd__nor2_2)
     8    0.023062    0.190739    0.164622    2.173810 ^ _14_/Y (sky130_fd_sc_hd__nor2_2)
                                                         _10_ (net)
                      0.190744    0.000853    2.174663 ^ _23_/B (sky130_fd_sc_hd__and2_2)
     1    0.034377    0.136202    0.191538    2.366201 ^ _23_/X (sky130_fd_sc_hd__and2_2)
                                                         reg_rdata[7] (net)
                      0.136204    0.000743    2.366944 ^ reg_rdata[7] (out)
                                              2.366944   data arrival time

                                 10.000000   10.000000   clock clk (rise edge)
                                  0.000000   10.000000   clock network delay (propagated)
                                 -0.250000    9.750000   clock uncertainty
                                  0.000000    9.750000   clock reconvergence pessimism
                                 -2.000000    7.750000   output external delay
                                              7.750000   data required time
---------------------------------------------------------------------------------------------
                                              7.750000   data required time
                                             -2.366944   data arrival time
---------------------------------------------------------------------------------------------
                                              5.383056   slack (MET)


Startpoint: reg_addr[1] (input port clocked by clk)
Endpoint: reg_rdata[5] (output port clocked by clk)
Path Group: clk
Path Type: max

Fanout         Cap        Slew       Delay        Time   Description
---------------------------------------------------------------------------------------------
                                  0.000000    0.000000   clock clk (rise edge)
                                  0.000000    0.000000   clock network delay (propagated)
                                  2.000000    2.000000 v input external delay
     3    0.009355    0.015288    0.009188    2.009188 v reg_addr[1] (in)
                                                         reg_addr[1] (net)
                      0.015291    0.000000    2.009188 v _14_/A (sky130_fd_sc_hd__nor2_2)
     8    0.023062    0.190739    0.164622    2.173810 ^ _14_/Y (sky130_fd_sc_hd__nor2_2)
                                                         _10_ (net)
                      0.190745    0.000911    2.174721 ^ _21_/B (sky130_fd_sc_hd__and2_2)
     1    0.034288    0.135878    0.191322    2.366043 ^ _21_/X (sky130_fd_sc_hd__and2_2)
                                                         reg_rdata[5] (net)
                      0.135879    0.000722    2.366765 ^ reg_rdata[5] (out)
                                              2.366765   data arrival time

                                 10.000000   10.000000   clock clk (rise edge)
                                  0.000000   10.000000   clock network delay (propagated)
                                 -0.250000    9.750000   clock uncertainty
                                  0.000000    9.750000   clock reconvergence pessimism
                                 -2.000000    7.750000   output external delay
                                              7.750000   data required time
---------------------------------------------------------------------------------------------
                                              7.750000   data required time
                                             -2.366765   data arrival time
---------------------------------------------------------------------------------------------
                                              5.383235   slack (MET)


Startpoint: core_dout (input port clocked by clk)
Endpoint: pad_dout (output port clocked by clk)
Path Group: clk
Path Type: max

Fanout         Cap        Slew       Delay        Time   Description
---------------------------------------------------------------------------------------------
                                  0.000000    0.000000   clock clk (rise edge)
                                  0.000000    0.000000   clock network delay (propagated)
                                  2.000000    2.000000 ^ input external delay
     2    0.006506    0.026737    0.016613    2.016613 ^ core_dout (in)
                                                         core_dout (net)
                      0.026738    0.000000    2.016613 ^ _46_/A (sky130_fd_sc_hd__buf_2)
     1    0.034635    0.129589    0.136759    2.153373 ^ _46_/X (sky130_fd_sc_hd__buf_2)
                                                         pad_dout (net)
                      0.129595    0.000771    2.154144 ^ pad_dout (out)
                                              2.154144   data arrival time

                                 10.000000   10.000000   clock clk (rise edge)
                                  0.000000   10.000000   clock network delay (propagated)
                                 -0.250000    9.750000   clock uncertainty
                                  0.000000    9.750000   clock reconvergence pessimism
                                 -2.000000    7.750000   output external delay
                                              7.750000   data required time
---------------------------------------------------------------------------------------------
                                              7.750000   data required time
                                             -2.154144   data arrival time
---------------------------------------------------------------------------------------------
                                              5.595856   slack (MET)


Startpoint: _42_ (rising edge-triggered flip-flop clocked by clk)
Endpoint: pad_schmitt_en (output port clocked by clk)
Path Group: clk
Path Type: max

Fanout         Cap        Slew       Delay        Time   Description
---------------------------------------------------------------------------------------------
                                  0.000000    0.000000   clock clk (rise edge)
                                  0.000000    0.000000   clock source latency
     1    0.012201    0.046001    0.030548    0.030548 ^ clk (in)
                                                         clk (net)
                      0.046007    0.000000    0.030548 ^ clkbuf_0_clk/A (sky130_fd_sc_hd__clkbuf_16)
     2    0.020059    0.031235    0.088753    0.119302 ^ clkbuf_0_clk/X (sky130_fd_sc_hd__clkbuf_16)
                                                         clknet_0_clk (net)
                      0.031238    0.000556    0.119858 ^ clkbuf_1_1__f_clk/A (sky130_fd_sc_hd__clkbuf_16)
     6    0.017889    0.029740    0.082959    0.202817 ^ clkbuf_1_1__f_clk/X (sky130_fd_sc_hd__clkbuf_16)
                                                         clknet_1_1__leaf_clk (net)
                      0.029746    0.000463    0.203280 ^ _42_/CLK (sky130_fd_sc_hd__dfrtp_2)
     3    0.044612    0.163089    0.314872    0.518152 ^ _42_/Q (sky130_fd_sc_hd__dfrtp_2)
                                                         pad_schmitt_en (net)
                      0.163096    0.001219    0.519371 ^ pad_schmitt_en (out)
                                              0.519371   data arrival time

                                 10.000000   10.000000   clock clk (rise edge)
                                  0.000000   10.000000   clock network delay (propagated)
                                 -0.250000    9.750000   clock uncertainty
                                  0.000000    9.750000   clock reconvergence pessimism
                                 -2.000000    7.750000   output external delay
                                              7.750000   data required time
---------------------------------------------------------------------------------------------
                                              7.750000   data required time
                                             -0.519371   data arrival time
---------------------------------------------------------------------------------------------
                                              7.230629   slack (MET)


Startpoint: _39_ (rising edge-triggered flip-flop clocked by clk)
Endpoint: pad_slew[0] (output port clocked by clk)
Path Group: clk
Path Type: max

Fanout         Cap        Slew       Delay        Time   Description
---------------------------------------------------------------------------------------------
                                  0.000000    0.000000   clock clk (rise edge)
                                  0.000000    0.000000   clock source latency
     1    0.012201    0.046001    0.030548    0.030548 ^ clk (in)
                                                         clk (net)
                      0.046007    0.000000    0.030548 ^ clkbuf_0_clk/A (sky130_fd_sc_hd__clkbuf_16)
     2    0.020059    0.031235    0.088753    0.119302 ^ clkbuf_0_clk/X (sky130_fd_sc_hd__clkbuf_16)
                                                         clknet_0_clk (net)
                      0.031238    0.000516    0.119817 ^ clkbuf_1_0__f_clk/A (sky130_fd_sc_hd__clkbuf_16)
     5    0.015131    0.027927    0.081210    0.201027 ^ clkbuf_1_0__f_clk/X (sky130_fd_sc_hd__clkbuf_16)
                                                         clknet_1_0__leaf_clk (net)
                      0.027927    0.000313    0.201340 ^ _39_/CLK (sky130_fd_sc_hd__dfrtp_2)
     3    0.044572    0.162943    0.314389    0.515729 ^ _39_/Q (sky130_fd_sc_hd__dfrtp_2)
                                                         pad_slew[0] (net)
                      0.162947    0.000972    0.516701 ^ pad_slew[0] (out)
                                              0.516701   data arrival time

                                 10.000000   10.000000   clock clk (rise edge)
                                  0.000000   10.000000   clock network delay (propagated)
                                 -0.250000    9.750000   clock uncertainty
                                  0.000000    9.750000   clock reconvergence pessimism
                                 -2.000000    7.750000   output external delay
                                              7.750000   data required time
---------------------------------------------------------------------------------------------
                                              7.750000   data required time
                                             -0.516701   data arrival time
---------------------------------------------------------------------------------------------
                                              7.233300   slack (MET)


Startpoint: _40_ (rising edge-triggered flip-flop clocked by clk)
Endpoint: pad_slew[1] (output port clocked by clk)
Path Group: clk
Path Type: max

Fanout         Cap        Slew       Delay        Time   Description
---------------------------------------------------------------------------------------------
                                  0.000000    0.000000   clock clk (rise edge)
                                  0.000000    0.000000   clock source latency
     1    0.012201    0.046001    0.030548    0.030548 ^ clk (in)
                                                         clk (net)
                      0.046007    0.000000    0.030548 ^ clkbuf_0_clk/A (sky130_fd_sc_hd__clkbuf_16)
     2    0.020059    0.031235    0.088753    0.119302 ^ clkbuf_0_clk/X (sky130_fd_sc_hd__clkbuf_16)
                                                         clknet_0_clk (net)
                      0.031238    0.000556    0.119858 ^ clkbuf_1_1__f_clk/A (sky130_fd_sc_hd__clkbuf_16)
     6    0.017889    0.029740    0.082959    0.202817 ^ clkbuf_1_1__f_clk/X (sky130_fd_sc_hd__clkbuf_16)
                                                         clknet_1_1__leaf_clk (net)
                      0.029748    0.000643    0.203460 ^ _40_/CLK (sky130_fd_sc_hd__dfrtp_2)
     3    0.042720    0.094607    0.310278    0.513739 v _40_/Q (sky130_fd_sc_hd__dfrtp_2)
                                                         pad_slew[1] (net)
                      0.094663    0.002078    0.515817 v pad_slew[1] (out)
                                              0.515817   data arrival time

                                 10.000000   10.000000   clock clk (rise edge)
                                  0.000000   10.000000   clock network delay (propagated)
                                 -0.250000    9.750000   clock uncertainty
                                  0.000000    9.750000   clock reconvergence pessimism
                                 -2.000000    7.750000   output external delay
                                              7.750000   data required time
---------------------------------------------------------------------------------------------
                                              7.750000   data required time
                                             -0.515817   data arrival time
---------------------------------------------------------------------------------------------
                                              7.234183   slack (MET)


Startpoint: _36_ (rising edge-triggered flip-flop clocked by clk)
Endpoint: pad_oe (output port clocked by clk)
Path Group: clk
Path Type: max

Fanout         Cap        Slew       Delay        Time   Description
---------------------------------------------------------------------------------------------
                                  0.000000    0.000000   clock clk (rise edge)
                                  0.000000    0.000000   clock source latency
     1    0.012201    0.046001    0.030548    0.030548 ^ clk (in)
                                                         clk (net)
                      0.046007    0.000000    0.030548 ^ clkbuf_0_clk/A (sky130_fd_sc_hd__clkbuf_16)
     2    0.020059    0.031235    0.088753    0.119302 ^ clkbuf_0_clk/X (sky130_fd_sc_hd__clkbuf_16)
                                                         clknet_0_clk (net)
                      0.031238    0.000556    0.119858 ^ clkbuf_1_1__f_clk/A (sky130_fd_sc_hd__clkbuf_16)
     6    0.017889    0.029740    0.082959    0.202817 ^ clkbuf_1_1__f_clk/X (sky130_fd_sc_hd__clkbuf_16)
                                                         clknet_1_1__leaf_clk (net)
                      0.029748    0.000650    0.203467 ^ _36_/CLK (sky130_fd_sc_hd__dfrtp_2)
     3    0.041481    0.092006    0.309229    0.512696 v _36_/Q (sky130_fd_sc_hd__dfrtp_2)
                                                         pad_oe (net)
                      0.092013    0.000823    0.513520 v pad_oe (out)
                                              0.513520   data arrival time

                                 10.000000   10.000000   clock clk (rise edge)
                                  0.000000   10.000000   clock network delay (propagated)
                                 -0.250000    9.750000   clock uncertainty
                                  0.000000    9.750000   clock reconvergence pessimism
                                 -2.000000    7.750000   output external delay
                                              7.750000   data required time
---------------------------------------------------------------------------------------------
                                              7.750000   data required time
                                             -0.513520   data arrival time
---------------------------------------------------------------------------------------------
                                              7.236481   slack (MET)


Startpoint: _38_ (rising edge-triggered flip-flop clocked by clk)
Endpoint: pad_pd_en (output port clocked by clk)
Path Group: clk
Path Type: max

Fanout         Cap        Slew       Delay        Time   Description
---------------------------------------------------------------------------------------------
                                  0.000000    0.000000   clock clk (rise edge)
                                  0.000000    0.000000   clock source latency
     1    0.012201    0.046001    0.030548    0.030548 ^ clk (in)
                                                         clk (net)
                      0.046007    0.000000    0.030548 ^ clkbuf_0_clk/A (sky130_fd_sc_hd__clkbuf_16)
     2    0.020059    0.031235    0.088753    0.119302 ^ clkbuf_0_clk/X (sky130_fd_sc_hd__clkbuf_16)
                                                         clknet_0_clk (net)
                      0.031238    0.000516    0.119817 ^ clkbuf_1_0__f_clk/A (sky130_fd_sc_hd__clkbuf_16)
     5    0.015131    0.027927    0.081210    0.201027 ^ clkbuf_1_0__f_clk/X (sky130_fd_sc_hd__clkbuf_16)
                                                         clknet_1_0__leaf_clk (net)
                      0.027927    0.000284    0.201311 ^ _38_/CLK (sky130_fd_sc_hd__dfrtp_2)
     3    0.042554    0.094093    0.310035    0.511346 v _38_/Q (sky130_fd_sc_hd__dfrtp_2)
                                                         pad_pd_en (net)
                      0.094116    0.001375    0.512721 v pad_pd_en (out)
                                              0.512721   data arrival time

                                 10.000000   10.000000   clock clk (rise edge)
                                  0.000000   10.000000   clock network delay (propagated)
                                 -0.250000    9.750000   clock uncertainty
                                  0.000000    9.750000   clock reconvergence pessimism
                                 -2.000000    7.750000   output external delay
                                              7.750000   data required time
---------------------------------------------------------------------------------------------
                                              7.750000   data required time
                                             -0.512721   data arrival time
---------------------------------------------------------------------------------------------
                                              7.237279   slack (MET)


Startpoint: _44_ (rising edge-triggered flip-flop clocked by clk)
Endpoint: core_din (output port clocked by clk)
Path Group: clk
Path Type: max

Fanout         Cap        Slew       Delay        Time   Description
---------------------------------------------------------------------------------------------
                                  0.000000    0.000000   clock clk (rise edge)
                                  0.000000    0.000000   clock source latency
     1    0.012201    0.046001    0.030548    0.030548 ^ clk (in)
                                                         clk (net)
                      0.046007    0.000000    0.030548 ^ clkbuf_0_clk/A (sky130_fd_sc_hd__clkbuf_16)
     2    0.020059    0.031235    0.088753    0.119302 ^ clkbuf_0_clk/X (sky130_fd_sc_hd__clkbuf_16)
                                                         clknet_0_clk (net)
                      0.031238    0.000556    0.119858 ^ clkbuf_1_1__f_clk/A (sky130_fd_sc_hd__clkbuf_16)
     6    0.017889    0.029740    0.082959    0.202817 ^ clkbuf_1_1__f_clk/X (sky130_fd_sc_hd__clkbuf_16)
                                                         clknet_1_1__leaf_clk (net)
                      0.029750    0.000759    0.203576 ^ _44_/CLK (sky130_fd_sc_hd__dfrtp_2)
     2    0.040722    0.091047    0.307507    0.511082 v _44_/Q (sky130_fd_sc_hd__dfrtp_2)
                                                         core_din (net)
                      0.091075    0.001492    0.512574 v core_din (out)
                                              0.512574   data arrival time

                                 10.000000   10.000000   clock clk (rise edge)
                                  0.000000   10.000000   clock network delay (propagated)
                                 -0.250000    9.750000   clock uncertainty
                                  0.000000    9.750000   clock reconvergence pessimism
                                 -2.000000    7.750000   output external delay
                                              7.750000   data required time
---------------------------------------------------------------------------------------------
                                              7.750000   data required time
                                             -0.512574   data arrival time
---------------------------------------------------------------------------------------------
                                              7.237425   slack (MET)


Startpoint: _37_ (rising edge-triggered flip-flop clocked by clk)
Endpoint: pad_pu_en (output port clocked by clk)
Path Group: clk
Path Type: max

Fanout         Cap        Slew       Delay        Time   Description
---------------------------------------------------------------------------------------------
                                  0.000000    0.000000   clock clk (rise edge)
                                  0.000000    0.000000   clock source latency
     1    0.012201    0.046001    0.030548    0.030548 ^ clk (in)
                                                         clk (net)
                      0.046007    0.000000    0.030548 ^ clkbuf_0_clk/A (sky130_fd_sc_hd__clkbuf_16)
     2    0.020059    0.031235    0.088753    0.119302 ^ clkbuf_0_clk/X (sky130_fd_sc_hd__clkbuf_16)
                                                         clknet_0_clk (net)
                      0.031238    0.000516    0.119817 ^ clkbuf_1_0__f_clk/A (sky130_fd_sc_hd__clkbuf_16)
     5    0.015131    0.027927    0.081210    0.201027 ^ clkbuf_1_0__f_clk/X (sky130_fd_sc_hd__clkbuf_16)
                                                         clknet_1_0__leaf_clk (net)
                      0.027927    0.000320    0.201347 ^ _37_/CLK (sky130_fd_sc_hd__dfrtp_2)
     3    0.041221    0.091680    0.308124    0.509471 v _37_/Q (sky130_fd_sc_hd__dfrtp_2)
                                                         pad_pu_en (net)
                      0.091692    0.001024    0.510495 v pad_pu_en (out)
                                              0.510495   data arrival time

                                 10.000000   10.000000   clock clk (rise edge)
                                  0.000000   10.000000   clock network delay (propagated)
                                 -0.250000    9.750000   clock uncertainty
                                  0.000000    9.750000   clock reconvergence pessimism
                                 -2.000000    7.750000   output external delay
                                              7.750000   data required time
---------------------------------------------------------------------------------------------
                                              7.750000   data required time
                                             -0.510495   data arrival time
---------------------------------------------------------------------------------------------
                                              7.239505   slack (MET)


Startpoint: reg_addr[1] (input port clocked by clk)
Endpoint: _43_ (rising edge-triggered flip-flop clocked by clk)
Path Group: clk
Path Type: max

Fanout         Cap        Slew       Delay        Time   Description
---------------------------------------------------------------------------------------------
                                  0.000000    0.000000   clock clk (rise edge)
                                  0.000000    0.000000   clock network delay (propagated)
                                  2.000000    2.000000 v input external delay
     3    0.009355    0.015288    0.009171    2.009171 v reg_addr[1] (in)
                                                         reg_addr[1] (net)
                      0.015290    0.000000    2.009171 v _27_/A (sky130_fd_sc_hd__or3b_2)
     8    0.039265    0.119333    0.354520    2.363691 v _27_/X (sky130_fd_sc_hd__or3b_2)
                                                         _13_ (net)
                      0.119336    0.000761    2.364452 v _35_/S (sky130_fd_sc_hd__mux2_1)
     1    0.003951    0.042953    0.212734    2.577186 v _35_/X (sky130_fd_sc_hd__mux2_1)
                                                         _09_ (net)
                      0.042953    0.000125    2.577311 v _43_/D (sky130_fd_sc_hd__dfrtp_2)
                                              2.577311   data arrival time

                                 10.000000   10.000000   clock clk (rise edge)
                                  0.000000   10.000000   clock source latency
     1    0.012201    0.046001    0.030549   10.030549 ^ clk (in)
                                                         clk (net)
                      0.046007    0.000000   10.030549 ^ clkbuf_0_clk/A (sky130_fd_sc_hd__clkbuf_16)
     2    0.020059    0.031235    0.088753   10.119302 ^ clkbuf_0_clk/X (sky130_fd_sc_hd__clkbuf_16)
                                                         clknet_0_clk (net)
                      0.031238    0.000515   10.119818 ^ clkbuf_1_0__f_clk/A (sky130_fd_sc_hd__clkbuf_16)
     5    0.015131    0.027927    0.081210   10.201027 ^ clkbuf_1_0__f_clk/X (sky130_fd_sc_hd__clkbuf_16)
                                                         clknet_1_0__leaf_clk (net)
                      0.027927    0.000308   10.201335 ^ _43_/CLK (sky130_fd_sc_hd__dfrtp_2)
                                 -0.250000    9.951335   clock uncertainty
                                  0.000000    9.951335   clock reconvergence pessimism
                                 -0.077970    9.873365   library setup time
                                              9.873365   data required time
---------------------------------------------------------------------------------------------
                                              9.873365   data required time
                                             -2.577311   data arrival time
---------------------------------------------------------------------------------------------
                                              7.296054   slack (MET)


Startpoint: reg_addr[1] (input port clocked by clk)
Endpoint: _39_ (rising edge-triggered flip-flop clocked by clk)
Path Group: clk
Path Type: max

Fanout         Cap        Slew       Delay        Time   Description
---------------------------------------------------------------------------------------------
                                  0.000000    0.000000   clock clk (rise edge)
                                  0.000000    0.000000   clock network delay (propagated)
                                  2.000000    2.000000 v input external delay
     3    0.009355    0.015288    0.009171    2.009171 v reg_addr[1] (in)
                                                         reg_addr[1] (net)
                      0.015290    0.000000    2.009171 v _27_/A (sky130_fd_sc_hd__or3b_2)
     8    0.039265    0.119333    0.354520    2.363691 v _27_/X (sky130_fd_sc_hd__or3b_2)
                                                         _13_ (net)
                      0.119337    0.000840    2.364532 v _31_/S (sky130_fd_sc_hd__mux2_1)
     1    0.003731    0.042067    0.211535    2.576066 v _31_/X (sky130_fd_sc_hd__mux2_1)
                                                         _05_ (net)
                      0.042067    0.000125    2.576191 v _39_/D (sky130_fd_sc_hd__dfrtp_2)
                                              2.576191   data arrival time

                                 10.000000   10.000000   clock clk (rise edge)
                                  0.000000   10.000000   clock source latency
     1    0.012201    0.046001    0.030549   10.030549 ^ clk (in)
                                                         clk (net)
                      0.046007    0.000000   10.030549 ^ clkbuf_0_clk/A (sky130_fd_sc_hd__clkbuf_16)
     2    0.020059    0.031235    0.088753   10.119302 ^ clkbuf_0_clk/X (sky130_fd_sc_hd__clkbuf_16)
                                                         clknet_0_clk (net)
                      0.031238    0.000515   10.119818 ^ clkbuf_1_0__f_clk/A (sky130_fd_sc_hd__clkbuf_16)
     5    0.015131    0.027927    0.081210   10.201027 ^ clkbuf_1_0__f_clk/X (sky130_fd_sc_hd__clkbuf_16)
                                                         clknet_1_0__leaf_clk (net)
                      0.027927    0.000313   10.201340 ^ _39_/CLK (sky130_fd_sc_hd__dfrtp_2)
                                 -0.250000    9.951340   clock uncertainty
                                  0.000000    9.951340   clock reconvergence pessimism
                                 -0.077653    9.873686   library setup time
                                              9.873686   data required time
---------------------------------------------------------------------------------------------
                                              9.873686   data required time
                                             -2.576191   data arrival time
---------------------------------------------------------------------------------------------
                                              7.297495   slack (MET)


Startpoint: reg_addr[1] (input port clocked by clk)
Endpoint: _36_ (rising edge-triggered flip-flop clocked by clk)
Path Group: clk
Path Type: max

Fanout         Cap        Slew       Delay        Time   Description
---------------------------------------------------------------------------------------------
                                  0.000000    0.000000   clock clk (rise edge)
                                  0.000000    0.000000   clock network delay (propagated)
                                  2.000000    2.000000 v input external delay
     3    0.009355    0.015288    0.009171    2.009171 v reg_addr[1] (in)
                                                         reg_addr[1] (net)
                      0.015290    0.000000    2.009171 v _27_/A (sky130_fd_sc_hd__or3b_2)
     8    0.039265    0.119333    0.354520    2.363691 v _27_/X (sky130_fd_sc_hd__or3b_2)
                                                         _13_ (net)
                      0.119350    0.001366    2.365057 v _28_/S (sky130_fd_sc_hd__mux2_1)
     1    0.003578    0.041353    0.210616    2.575673 v _28_/X (sky130_fd_sc_hd__mux2_1)
                                                         _02_ (net)
                      0.041353    0.000116    2.575789 v _36_/D (sky130_fd_sc_hd__dfrtp_2)
                                              2.575789   data arrival time

                                 10.000000   10.000000   clock clk (rise edge)
                                  0.000000   10.000000   clock source latency
     1    0.012201    0.046001    0.030549   10.030549 ^ clk (in)
                                                         clk (net)
                      0.046007    0.000000   10.030549 ^ clkbuf_0_clk/A (sky130_fd_sc_hd__clkbuf_16)
     2    0.020059    0.031235    0.088753   10.119302 ^ clkbuf_0_clk/X (sky130_fd_sc_hd__clkbuf_16)
                                                         clknet_0_clk (net)
                      0.031238    0.000556   10.119858 ^ clkbuf_1_1__f_clk/A (sky130_fd_sc_hd__clkbuf_16)
     6    0.017889    0.029740    0.082959   10.202818 ^ clkbuf_1_1__f_clk/X (sky130_fd_sc_hd__clkbuf_16)
                                                         clknet_1_1__leaf_clk (net)
                      0.029748    0.000649   10.203466 ^ _36_/CLK (sky130_fd_sc_hd__dfrtp_2)
                                 -0.250000    9.953466   clock uncertainty
                                  0.000000    9.953466   clock reconvergence pessimism
                                 -0.077223    9.876245   library setup time
                                              9.876245   data required time
---------------------------------------------------------------------------------------------
                                              9.876245   data required time
                                             -2.575789   data arrival time
---------------------------------------------------------------------------------------------
                                              7.300455   slack (MET)


Startpoint: reg_addr[1] (input port clocked by clk)
Endpoint: _41_ (rising edge-triggered flip-flop clocked by clk)
Path Group: clk
Path Type: max

Fanout         Cap        Slew       Delay        Time   Description
---------------------------------------------------------------------------------------------
                                  0.000000    0.000000   clock clk (rise edge)
                                  0.000000    0.000000   clock network delay (propagated)
                                  2.000000    2.000000 v input external delay
     3    0.009355    0.015288    0.009171    2.009171 v reg_addr[1] (in)
                                                         reg_addr[1] (net)
                      0.015290    0.000000    2.009171 v _27_/A (sky130_fd_sc_hd__or3b_2)
     8    0.039265    0.119333    0.354520    2.363691 v _27_/X (sky130_fd_sc_hd__or3b_2)
                                                         _13_ (net)
                      0.119343    0.001126    2.364817 v _33_/S (sky130_fd_sc_hd__mux2_1)
     1    0.003321    0.040173    0.209058    2.573874 v _33_/X (sky130_fd_sc_hd__mux2_1)
                                                         _07_ (net)
                      0.040173    0.000104    2.573979 v _41_/D (sky130_fd_sc_hd__dfrtp_2)
                                              2.573979   data arrival time

                                 10.000000   10.000000   clock clk (rise edge)
                                  0.000000   10.000000   clock source latency
     1    0.012201    0.046001    0.030549   10.030549 ^ clk (in)
                                                         clk (net)
                      0.046007    0.000000   10.030549 ^ clkbuf_0_clk/A (sky130_fd_sc_hd__clkbuf_16)
     2    0.020059    0.031235    0.088753   10.119302 ^ clkbuf_0_clk/X (sky130_fd_sc_hd__clkbuf_16)
                                                         clknet_0_clk (net)
                      0.031238    0.000556   10.119858 ^ clkbuf_1_1__f_clk/A (sky130_fd_sc_hd__clkbuf_16)
     6    0.017889    0.029740    0.082959   10.202818 ^ clkbuf_1_1__f_clk/X (sky130_fd_sc_hd__clkbuf_16)
                                                         clknet_1_1__leaf_clk (net)
                      0.029751    0.000804   10.203621 ^ _41_/CLK (sky130_fd_sc_hd__dfrtp_2)
                                 -0.250000    9.953621   clock uncertainty
                                  0.000000    9.953621   clock reconvergence pessimism
                                 -0.076801    9.876821   library setup time
                                              9.876821   data required time
---------------------------------------------------------------------------------------------
                                              9.876821   data required time
                                             -2.573979   data arrival time
---------------------------------------------------------------------------------------------
                                              7.302842   slack (MET)


Startpoint: reg_addr[1] (input port clocked by clk)
Endpoint: _38_ (rising edge-triggered flip-flop clocked by clk)
Path Group: clk
Path Type: max

Fanout         Cap        Slew       Delay        Time   Description
---------------------------------------------------------------------------------------------
                                  0.000000    0.000000   clock clk (rise edge)
                                  0.000000    0.000000   clock network delay (propagated)
                                  2.000000    2.000000 v input external delay
     3    0.009355    0.015288    0.009171    2.009171 v reg_addr[1] (in)
                                                         reg_addr[1] (net)
                      0.015290    0.000000    2.009171 v _27_/A (sky130_fd_sc_hd__or3b_2)
     8    0.039265    0.119333    0.354520    2.363691 v _27_/X (sky130_fd_sc_hd__or3b_2)
                                                         _13_ (net)
                      0.119334    0.000641    2.364332 v _30_/S (sky130_fd_sc_hd__mux2_1)
     1    0.002946    0.038500    0.206788    2.571120 v _30_/X (sky130_fd_sc_hd__mux2_1)
                                                         _04_ (net)
                      0.038500    0.000087    2.571206 v _38_/D (sky130_fd_sc_hd__dfrtp_2)
                                              2.571206   data arrival time

                                 10.000000   10.000000   clock clk (rise edge)
                                  0.000000   10.000000   clock source latency
     1    0.012201    0.046001    0.030549   10.030549 ^ clk (in)
                                                         clk (net)
                      0.046007    0.000000   10.030549 ^ clkbuf_0_clk/A (sky130_fd_sc_hd__clkbuf_16)
     2    0.020059    0.031235    0.088753   10.119302 ^ clkbuf_0_clk/X (sky130_fd_sc_hd__clkbuf_16)
                                                         clknet_0_clk (net)
                      0.031238    0.000515   10.119818 ^ clkbuf_1_0__f_clk/A (sky130_fd_sc_hd__clkbuf_16)
     5    0.015131    0.027927    0.081210   10.201027 ^ clkbuf_1_0__f_clk/X (sky130_fd_sc_hd__clkbuf_16)
                                                         clknet_1_0__leaf_clk (net)
                      0.027927    0.000284   10.201311 ^ _38_/CLK (sky130_fd_sc_hd__dfrtp_2)
                                 -0.250000    9.951311   clock uncertainty
                                  0.000000    9.951311   clock reconvergence pessimism
                                 -0.076379    9.874932   library setup time
                                              9.874932   data required time
---------------------------------------------------------------------------------------------
                                              9.874932   data required time
                                             -2.571206   data arrival time
---------------------------------------------------------------------------------------------
                                              7.303726   slack (MET)


Startpoint: reg_addr[1] (input port clocked by clk)
Endpoint: _42_ (rising edge-triggered flip-flop clocked by clk)
Path Group: clk
Path Type: max

Fanout         Cap        Slew       Delay        Time   Description
---------------------------------------------------------------------------------------------
                                  0.000000    0.000000   clock clk (rise edge)
                                  0.000000    0.000000   clock network delay (propagated)
                                  2.000000    2.000000 v input external delay
     3    0.009355    0.015288    0.009171    2.009171 v reg_addr[1] (in)
                                                         reg_addr[1] (net)
                      0.015290    0.000000    2.009171 v _27_/A (sky130_fd_sc_hd__or3b_2)
     8    0.039265    0.119333    0.354520    2.363691 v _27_/X (sky130_fd_sc_hd__or3b_2)
                                                         _13_ (net)
                      0.119349    0.001320    2.365011 v _34_/S (sky130_fd_sc_hd__mux2_1)
     1    0.003101    0.039183    0.207732    2.572743 v _34_/X (sky130_fd_sc_hd__mux2_1)
                                                         _08_ (net)
                      0.039183    0.000091    2.572834 v _42_/D (sky130_fd_sc_hd__dfrtp_2)
                                              2.572834   data arrival time

                                 10.000000   10.000000   clock clk (rise edge)
                                  0.000000   10.000000   clock source latency
     1    0.012201    0.046001    0.030549   10.030549 ^ clk (in)
                                                         clk (net)
                      0.046007    0.000000   10.030549 ^ clkbuf_0_clk/A (sky130_fd_sc_hd__clkbuf_16)
     2    0.020059    0.031235    0.088753   10.119302 ^ clkbuf_0_clk/X (sky130_fd_sc_hd__clkbuf_16)
                                                         clknet_0_clk (net)
                      0.031238    0.000556   10.119858 ^ clkbuf_1_1__f_clk/A (sky130_fd_sc_hd__clkbuf_16)
     6    0.017889    0.029740    0.082959   10.202818 ^ clkbuf_1_1__f_clk/X (sky130_fd_sc_hd__clkbuf_16)
                                                         clknet_1_1__leaf_clk (net)
                      0.029746    0.000463   10.203280 ^ _42_/CLK (sky130_fd_sc_hd__dfrtp_2)
                                 -0.250000    9.953280   clock uncertainty
                                  0.000000    9.953280   clock reconvergence pessimism
                                 -0.076448    9.876832   library setup time
                                              9.876832   data required time
---------------------------------------------------------------------------------------------
                                              9.876832   data required time
                                             -2.572834   data arrival time
---------------------------------------------------------------------------------------------
                                              7.303998   slack (MET)


Startpoint: reg_addr[1] (input port clocked by clk)
Endpoint: _40_ (rising edge-triggered flip-flop clocked by clk)
Path Group: clk
Path Type: max

Fanout         Cap        Slew       Delay        Time   Description
---------------------------------------------------------------------------------------------
                                  0.000000    0.000000   clock clk (rise edge)
                                  0.000000    0.000000   clock network delay (propagated)
                                  2.000000    2.000000 v input external delay
     3    0.009355    0.015288    0.009171    2.009171 v reg_addr[1] (in)
                                                         reg_addr[1] (net)
                      0.015290    0.000000    2.009171 v _27_/A (sky130_fd_sc_hd__or3b_2)
     8    0.039265    0.119333    0.354520    2.363691 v _27_/X (sky130_fd_sc_hd__or3b_2)
                                                         _13_ (net)
                      0.119345    0.001174    2.364865 v _32_/S (sky130_fd_sc_hd__mux2_1)
     1    0.002802    0.037909    0.205915    2.570779 v _32_/X (sky130_fd_sc_hd__mux2_1)
                                                         _06_ (net)
                      0.037909    0.000083    2.570863 v _40_/D (sky130_fd_sc_hd__dfrtp_2)
                                              2.570863   data arrival time

                                 10.000000   10.000000   clock clk (rise edge)
                                  0.000000   10.000000   clock source latency
     1    0.012201    0.046001    0.030549   10.030549 ^ clk (in)
                                                         clk (net)
                      0.046007    0.000000   10.030549 ^ clkbuf_0_clk/A (sky130_fd_sc_hd__clkbuf_16)
     2    0.020059    0.031235    0.088753   10.119302 ^ clkbuf_0_clk/X (sky130_fd_sc_hd__clkbuf_16)
                                                         clknet_0_clk (net)
                      0.031238    0.000556   10.119858 ^ clkbuf_1_1__f_clk/A (sky130_fd_sc_hd__clkbuf_16)
     6    0.017889    0.029740    0.082959   10.202818 ^ clkbuf_1_1__f_clk/X (sky130_fd_sc_hd__clkbuf_16)
                                                         clknet_1_1__leaf_clk (net)
                      0.029748    0.000643   10.203461 ^ _40_/CLK (sky130_fd_sc_hd__dfrtp_2)
                                 -0.250000    9.953461   clock uncertainty
                                  0.000000    9.953461   clock reconvergence pessimism
                                 -0.075993    9.877468   library setup time
                                              9.877468   data required time
---------------------------------------------------------------------------------------------
                                              9.877468   data required time
                                             -2.570863   data arrival time
---------------------------------------------------------------------------------------------
                                              7.306605   slack (MET)


Startpoint: reg_addr[1] (input port clocked by clk)
Endpoint: _37_ (rising edge-triggered flip-flop clocked by clk)
Path Group: clk
Path Type: max

Fanout         Cap        Slew       Delay        Time   Description
---------------------------------------------------------------------------------------------
                                  0.000000    0.000000   clock clk (rise edge)
                                  0.000000    0.000000   clock network delay (propagated)
                                  2.000000    2.000000 v input external delay
     3    0.009355    0.015288    0.009171    2.009171 v reg_addr[1] (in)
                                                         reg_addr[1] (net)
                      0.015290    0.000000    2.009171 v _27_/A (sky130_fd_sc_hd__or3b_2)
     8    0.039265    0.119333    0.354520    2.363691 v _27_/X (sky130_fd_sc_hd__or3b_2)
                                                         _13_ (net)
                      0.119333    0.000526    2.364217 v _29_/S (sky130_fd_sc_hd__mux2_1)
     1    0.002471    0.036675    0.203907    2.568124 v _29_/X (sky130_fd_sc_hd__mux2_1)
                                                         _03_ (net)
                      0.036675    0.000071    2.568195 v _37_/D (sky130_fd_sc_hd__dfrtp_2)
                                              2.568195   data arrival time

                                 10.000000   10.000000   clock clk (rise edge)
                                  0.000000   10.000000   clock source latency
     1    0.012201    0.046001    0.030549   10.030549 ^ clk (in)
                                                         clk (net)
                      0.046007    0.000000   10.030549 ^ clkbuf_0_clk/A (sky130_fd_sc_hd__clkbuf_16)
     2    0.020059    0.031235    0.088753   10.119302 ^ clkbuf_0_clk/X (sky130_fd_sc_hd__clkbuf_16)
                                                         clknet_0_clk (net)
                      0.031238    0.000515   10.119818 ^ clkbuf_1_0__f_clk/A (sky130_fd_sc_hd__clkbuf_16)
     5    0.015131    0.027927    0.081210   10.201027 ^ clkbuf_1_0__f_clk/X (sky130_fd_sc_hd__clkbuf_16)
                                                         clknet_1_0__leaf_clk (net)
                      0.027927    0.000320   10.201346 ^ _37_/CLK (sky130_fd_sc_hd__dfrtp_2)
                                 -0.250000    9.951346   clock uncertainty
                                  0.000000    9.951346   clock reconvergence pessimism
                                 -0.075727    9.875620   library setup time
                                              9.875620   data required time
---------------------------------------------------------------------------------------------
                                              9.875620   data required time
                                             -2.568195   data arrival time
---------------------------------------------------------------------------------------------
                                              7.307425   slack (MET)


Startpoint: core_dout (input port clocked by clk)
Endpoint: _45_ (rising edge-triggered flip-flop clocked by clk)
Path Group: clk
Path Type: max

Fanout         Cap        Slew       Delay        Time   Description
---------------------------------------------------------------------------------------------
                                  0.000000    0.000000   clock clk (rise edge)
                                  0.000000    0.000000   clock network delay (propagated)
                                  2.000000    2.000000 v input external delay
     2    0.006174    0.010125    0.005594    2.005594 v core_dout (in)
                                                         core_dout (net)
                      0.010130    0.000000    2.005594 v _25_/A1 (sky130_fd_sc_hd__mux2_1)
     1    0.001790    0.034169    0.136146    2.141740 v _25_/X (sky130_fd_sc_hd__mux2_1)
                                                         _12_ (net)
                      0.034169    0.000050    2.141790 v _26_/B (sky130_fd_sc_hd__and2_2)
     1    0.002880    0.026604    0.114141    2.255931 v _26_/X (sky130_fd_sc_hd__and2_2)
                                                         _01_ (net)
                      0.026604    0.000086    2.256018 v _45_/D (sky130_fd_sc_hd__dfrtp_2)
                                              2.256018   data arrival time

                                 10.000000   10.000000   clock clk (rise edge)
                                  0.000000   10.000000   clock source latency
     1    0.012201    0.046001    0.030549   10.030549 ^ clk (in)
                                                         clk (net)
                      0.046007    0.000000   10.030549 ^ clkbuf_0_clk/A (sky130_fd_sc_hd__clkbuf_16)
     2    0.020059    0.031235    0.088753   10.119302 ^ clkbuf_0_clk/X (sky130_fd_sc_hd__clkbuf_16)
                                                         clknet_0_clk (net)
                      0.031238    0.000556   10.119858 ^ clkbuf_1_1__f_clk/A (sky130_fd_sc_hd__clkbuf_16)
     6    0.017889    0.029740    0.082959   10.202818 ^ clkbuf_1_1__f_clk/X (sky130_fd_sc_hd__clkbuf_16)
                                                         clknet_1_1__leaf_clk (net)
                      0.029751    0.000810   10.203628 ^ _45_/CLK (sky130_fd_sc_hd__dfrtp_2)
                                 -0.250000    9.953628   clock uncertainty
                                  0.000000    9.953628   clock reconvergence pessimism
                                 -0.071955    9.881673   library setup time
                                              9.881673   data required time
---------------------------------------------------------------------------------------------
                                              9.881673   data required time
                                             -2.256018   data arrival time
---------------------------------------------------------------------------------------------
                                              7.625655   slack (MET)


Startpoint: rst_n (input port clocked by clk)
Endpoint: _38_ (recovery check against rising-edge clock clk)
Path Group: asynchronous
Path Type: max

Fanout         Cap        Slew       Delay        Time   Description
---------------------------------------------------------------------------------------------
                                  0.000000    0.000000   clock clk (rise edge)
                                  0.000000    0.000000   clock network delay (propagated)
                                  2.000000    2.000000 ^ input external delay
    10    0.047185    0.161796    0.112748    2.112748 ^ rst_n (in)
                                                         rst_n (net)
                      0.161829    0.000000    2.112748 ^ _38_/RESET_B (sky130_fd_sc_hd__dfrtp_2)
                                              2.112748   data arrival time

                                 10.000000   10.000000   clock clk (rise edge)
                                  0.000000   10.000000   clock source latency
     1    0.012201    0.046001    0.030549   10.030549 ^ clk (in)
                                                         clk (net)
                      0.046007    0.000000   10.030549 ^ clkbuf_0_clk/A (sky130_fd_sc_hd__clkbuf_16)
     2    0.020059    0.031235    0.088753   10.119302 ^ clkbuf_0_clk/X (sky130_fd_sc_hd__clkbuf_16)
                                                         clknet_0_clk (net)
                      0.031238    0.000515   10.119818 ^ clkbuf_1_0__f_clk/A (sky130_fd_sc_hd__clkbuf_16)
     5    0.015131    0.027927    0.081210   10.201027 ^ clkbuf_1_0__f_clk/X (sky130_fd_sc_hd__clkbuf_16)
                                                         clknet_1_0__leaf_clk (net)
                      0.027927    0.000284   10.201311 ^ _38_/CLK (sky130_fd_sc_hd__dfrtp_2)
                                 -0.250000    9.951311   clock uncertainty
                                  0.000000    9.951311   clock reconvergence pessimism
                                  0.099634   10.050945   library recovery time
                                             10.050945   data required time
---------------------------------------------------------------------------------------------
                                             10.050945   data required time
                                             -2.112748   data arrival time
---------------------------------------------------------------------------------------------
                                              7.938198   slack (MET)


Startpoint: rst_n (input port clocked by clk)
Endpoint: _37_ (recovery check against rising-edge clock clk)
Path Group: asynchronous
Path Type: max

Fanout         Cap        Slew       Delay        Time   Description
---------------------------------------------------------------------------------------------
                                  0.000000    0.000000   clock clk (rise edge)
                                  0.000000    0.000000   clock network delay (propagated)
                                  2.000000    2.000000 ^ input external delay
    10    0.047185    0.161796    0.112754    2.112754 ^ rst_n (in)
                                                         rst_n (net)
                      0.161830    0.000000    2.112754 ^ _37_/RESET_B (sky130_fd_sc_hd__dfrtp_2)
                                              2.112754   data arrival time

                                 10.000000   10.000000   clock clk (rise edge)
                                  0.000000   10.000000   clock source latency
     1    0.012201    0.046001    0.030549   10.030549 ^ clk (in)
                                                         clk (net)
                      0.046007    0.000000   10.030549 ^ clkbuf_0_clk/A (sky130_fd_sc_hd__clkbuf_16)
     2    0.020059    0.031235    0.088753   10.119302 ^ clkbuf_0_clk/X (sky130_fd_sc_hd__clkbuf_16)
                                                         clknet_0_clk (net)
                      0.031238    0.000515   10.119818 ^ clkbuf_1_0__f_clk/A (sky130_fd_sc_hd__clkbuf_16)
     5    0.015131    0.027927    0.081210   10.201027 ^ clkbuf_1_0__f_clk/X (sky130_fd_sc_hd__clkbuf_16)
                                                         clknet_1_0__leaf_clk (net)
                      0.027927    0.000320   10.201346 ^ _37_/CLK (sky130_fd_sc_hd__dfrtp_2)
                                 -0.250000    9.951346   clock uncertainty
                                  0.000000    9.951346   clock reconvergence pessimism
                                  0.099634   10.050981   library recovery time
                                             10.050981   data required time
---------------------------------------------------------------------------------------------
                                             10.050981   data required time
                                             -2.112754   data arrival time
---------------------------------------------------------------------------------------------
                                              7.938227   slack (MET)


Startpoint: rst_n (input port clocked by clk)
Endpoint: _39_ (recovery check against rising-edge clock clk)
Path Group: asynchronous
Path Type: max

Fanout         Cap        Slew       Delay        Time   Description
---------------------------------------------------------------------------------------------
                                  0.000000    0.000000   clock clk (rise edge)
                                  0.000000    0.000000   clock network delay (propagated)
                                  2.000000    2.000000 ^ input external delay
    10    0.047185    0.161796    0.111740    2.111740 ^ rst_n (in)
                                                         rst_n (net)
                      0.161803    0.000000    2.111740 ^ _39_/RESET_B (sky130_fd_sc_hd__dfrtp_2)
                                              2.111740   data arrival time

                                 10.000000   10.000000   clock clk (rise edge)
                                  0.000000   10.000000   clock source latency
     1    0.012201    0.046001    0.030549   10.030549 ^ clk (in)
                                                         clk (net)
                      0.046007    0.000000   10.030549 ^ clkbuf_0_clk/A (sky130_fd_sc_hd__clkbuf_16)
     2    0.020059    0.031235    0.088753   10.119302 ^ clkbuf_0_clk/X (sky130_fd_sc_hd__clkbuf_16)
                                                         clknet_0_clk (net)
                      0.031238    0.000515   10.119818 ^ clkbuf_1_0__f_clk/A (sky130_fd_sc_hd__clkbuf_16)
     5    0.015131    0.027927    0.081210   10.201027 ^ clkbuf_1_0__f_clk/X (sky130_fd_sc_hd__clkbuf_16)
                                                         clknet_1_0__leaf_clk (net)
                      0.027927    0.000313   10.201340 ^ _39_/CLK (sky130_fd_sc_hd__dfrtp_2)
                                 -0.250000    9.951340   clock uncertainty
                                  0.000000    9.951340   clock reconvergence pessimism
                                  0.099641   10.050980   library recovery time
                                             10.050980   data required time
---------------------------------------------------------------------------------------------
                                             10.050980   data required time
                                             -2.111740   data arrival time
---------------------------------------------------------------------------------------------
                                              7.939240   slack (MET)


Startpoint: rst_n (input port clocked by clk)
Endpoint: _43_ (recovery check against rising-edge clock clk)
Path Group: asynchronous
Path Type: max

Fanout         Cap        Slew       Delay        Time   Description
---------------------------------------------------------------------------------------------
                                  0.000000    0.000000   clock clk (rise edge)
                                  0.000000    0.000000   clock network delay (propagated)
                                  2.000000    2.000000 ^ input external delay
    10    0.047185    0.161796    0.111594    2.111594 ^ rst_n (in)
                                                         rst_n (net)
                      0.161801    0.000000    2.111594 ^ _43_/RESET_B (sky130_fd_sc_hd__dfrtp_2)
                                              2.111594   data arrival time

                                 10.000000   10.000000   clock clk (rise edge)
                                  0.000000   10.000000   clock source latency
     1    0.012201    0.046001    0.030549   10.030549 ^ clk (in)
                                                         clk (net)
                      0.046007    0.000000   10.030549 ^ clkbuf_0_clk/A (sky130_fd_sc_hd__clkbuf_16)
     2    0.020059    0.031235    0.088753   10.119302 ^ clkbuf_0_clk/X (sky130_fd_sc_hd__clkbuf_16)
                                                         clknet_0_clk (net)
                      0.031238    0.000515   10.119818 ^ clkbuf_1_0__f_clk/A (sky130_fd_sc_hd__clkbuf_16)
     5    0.015131    0.027927    0.081210   10.201027 ^ clkbuf_1_0__f_clk/X (sky130_fd_sc_hd__clkbuf_16)
                                                         clknet_1_0__leaf_clk (net)
                      0.027927    0.000308   10.201335 ^ _43_/CLK (sky130_fd_sc_hd__dfrtp_2)
                                 -0.250000    9.951335   clock uncertainty
                                  0.000000    9.951335   clock reconvergence pessimism
                                  0.099641   10.050977   library recovery time
                                             10.050977   data required time
---------------------------------------------------------------------------------------------
                                             10.050977   data required time
                                             -2.111594   data arrival time
---------------------------------------------------------------------------------------------
                                              7.939382   slack (MET)


Startpoint: rst_n (input port clocked by clk)
Endpoint: _44_ (recovery check against rising-edge clock clk)
Path Group: asynchronous
Path Type: max

Fanout         Cap        Slew       Delay        Time   Description
---------------------------------------------------------------------------------------------
                                  0.000000    0.000000   clock clk (rise edge)
                                  0.000000    0.000000   clock network delay (propagated)
                                  2.000000    2.000000 ^ input external delay
    10    0.047185    0.161796    0.112660    2.112660 ^ rst_n (in)
                                                         rst_n (net)
                      0.161826    0.000000    2.112660 ^ _44_/RESET_B (sky130_fd_sc_hd__dfrtp_2)
                                              2.112660   data arrival time

                                 10.000000   10.000000   clock clk (rise edge)
                                  0.000000   10.000000   clock source latency
     1    0.012201    0.046001    0.030549   10.030549 ^ clk (in)
                                                         clk (net)
                      0.046007    0.000000   10.030549 ^ clkbuf_0_clk/A (sky130_fd_sc_hd__clkbuf_16)
     2    0.020059    0.031235    0.088753   10.119302 ^ clkbuf_0_clk/X (sky130_fd_sc_hd__clkbuf_16)
                                                         clknet_0_clk (net)
                      0.031238    0.000556   10.119858 ^ clkbuf_1_1__f_clk/A (sky130_fd_sc_hd__clkbuf_16)
     6    0.017889    0.029740    0.082959   10.202818 ^ clkbuf_1_1__f_clk/X (sky130_fd_sc_hd__clkbuf_16)
                                                         clknet_1_1__leaf_clk (net)
                      0.029750    0.000759   10.203576 ^ _44_/CLK (sky130_fd_sc_hd__dfrtp_2)
                                 -0.250000    9.953576   clock uncertainty
                                  0.000000    9.953576   clock reconvergence pessimism
                                  0.099924   10.053499   library recovery time
                                             10.053499   data required time
---------------------------------------------------------------------------------------------
                                             10.053499   data required time
                                             -2.112660   data arrival time
---------------------------------------------------------------------------------------------
                                              7.940839   slack (MET)


Startpoint: rst_n (input port clocked by clk)
Endpoint: _45_ (recovery check against rising-edge clock clk)
Path Group: asynchronous
Path Type: max

Fanout         Cap        Slew       Delay        Time   Description
---------------------------------------------------------------------------------------------
                                  0.000000    0.000000   clock clk (rise edge)
                                  0.000000    0.000000   clock network delay (propagated)
                                  2.000000    2.000000 ^ input external delay
    10    0.047185    0.161796    0.112669    2.112669 ^ rst_n (in)
                                                         rst_n (net)
                      0.161827    0.000000    2.112669 ^ _45_/RESET_B (sky130_fd_sc_hd__dfrtp_2)
                                              2.112669   data arrival time

                                 10.000000   10.000000   clock clk (rise edge)
                                  0.000000   10.000000   clock source latency
     1    0.012201    0.046001    0.030549   10.030549 ^ clk (in)
                                                         clk (net)
                      0.046007    0.000000   10.030549 ^ clkbuf_0_clk/A (sky130_fd_sc_hd__clkbuf_16)
     2    0.020059    0.031235    0.088753   10.119302 ^ clkbuf_0_clk/X (sky130_fd_sc_hd__clkbuf_16)
                                                         clknet_0_clk (net)
                      0.031238    0.000556   10.119858 ^ clkbuf_1_1__f_clk/A (sky130_fd_sc_hd__clkbuf_16)
     6    0.017889    0.029740    0.082959   10.202818 ^ clkbuf_1_1__f_clk/X (sky130_fd_sc_hd__clkbuf_16)
                                                         clknet_1_1__leaf_clk (net)
                      0.029751    0.000810   10.203628 ^ _45_/CLK (sky130_fd_sc_hd__dfrtp_2)
                                 -0.250000    9.953628   clock uncertainty
                                  0.000000    9.953628   clock reconvergence pessimism
                                  0.099924   10.053551   library recovery time
                                             10.053551   data required time
---------------------------------------------------------------------------------------------
                                             10.053551   data required time
                                             -2.112669   data arrival time
---------------------------------------------------------------------------------------------
                                              7.940882   slack (MET)


Startpoint: rst_n (input port clocked by clk)
Endpoint: _36_ (recovery check against rising-edge clock clk)
Path Group: asynchronous
Path Type: max

Fanout         Cap        Slew       Delay        Time   Description
---------------------------------------------------------------------------------------------
                                  0.000000    0.000000   clock clk (rise edge)
                                  0.000000    0.000000   clock network delay (propagated)
                                  2.000000    2.000000 ^ input external delay
    10    0.047185    0.161796    0.112481    2.112481 ^ rst_n (in)
                                                         rst_n (net)
                      0.161821    0.000000    2.112481 ^ _36_/RESET_B (sky130_fd_sc_hd__dfrtp_2)
                                              2.112481   data arrival time

                                 10.000000   10.000000   clock clk (rise edge)
                                  0.000000   10.000000   clock source latency
     1    0.012201    0.046001    0.030549   10.030549 ^ clk (in)
                                                         clk (net)
                      0.046007    0.000000   10.030549 ^ clkbuf_0_clk/A (sky130_fd_sc_hd__clkbuf_16)
     2    0.020059    0.031235    0.088753   10.119302 ^ clkbuf_0_clk/X (sky130_fd_sc_hd__clkbuf_16)
                                                         clknet_0_clk (net)
                      0.031238    0.000556   10.119858 ^ clkbuf_1_1__f_clk/A (sky130_fd_sc_hd__clkbuf_16)
     6    0.017889    0.029740    0.082959   10.202818 ^ clkbuf_1_1__f_clk/X (sky130_fd_sc_hd__clkbuf_16)
                                                         clknet_1_1__leaf_clk (net)
                      0.029748    0.000649   10.203466 ^ _36_/CLK (sky130_fd_sc_hd__dfrtp_2)
                                 -0.250000    9.953466   clock uncertainty
                                  0.000000    9.953466   clock reconvergence pessimism
                                  0.099925   10.053391   library recovery time
                                             10.053391   data required time
---------------------------------------------------------------------------------------------
                                             10.053391   data required time
                                             -2.112481   data arrival time
---------------------------------------------------------------------------------------------
                                              7.940910   slack (MET)


Startpoint: rst_n (input port clocked by clk)
Endpoint: _42_ (recovery check against rising-edge clock clk)
Path Group: asynchronous
Path Type: max

Fanout         Cap        Slew       Delay        Time   Description
---------------------------------------------------------------------------------------------
                                  0.000000    0.000000   clock clk (rise edge)
                                  0.000000    0.000000   clock network delay (propagated)
                                  2.000000    2.000000 ^ input external delay
    10    0.047185    0.161796    0.112101    2.112101 ^ rst_n (in)
                                                         rst_n (net)
                      0.161811    0.000000    2.112101 ^ _42_/RESET_B (sky130_fd_sc_hd__dfrtp_2)
                                              2.112101   data arrival time

                                 10.000000   10.000000   clock clk (rise edge)
                                  0.000000   10.000000   clock source latency
     1    0.012201    0.046001    0.030549   10.030549 ^ clk (in)
                                                         clk (net)
                      0.046007    0.000000   10.030549 ^ clkbuf_0_clk/A (sky130_fd_sc_hd__clkbuf_16)
     2    0.020059    0.031235    0.088753   10.119302 ^ clkbuf_0_clk/X (sky130_fd_sc_hd__clkbuf_16)
                                                         clknet_0_clk (net)
                      0.031238    0.000556   10.119858 ^ clkbuf_1_1__f_clk/A (sky130_fd_sc_hd__clkbuf_16)
     6    0.017889    0.029740    0.082959   10.202818 ^ clkbuf_1_1__f_clk/X (sky130_fd_sc_hd__clkbuf_16)
                                                         clknet_1_1__leaf_clk (net)
                      0.029746    0.000463   10.203280 ^ _42_/CLK (sky130_fd_sc_hd__dfrtp_2)
                                 -0.250000    9.953280   clock uncertainty
                                  0.000000    9.953280   clock reconvergence pessimism
                                  0.099927   10.053207   library recovery time
                                             10.053207   data required time
---------------------------------------------------------------------------------------------
                                             10.053207   data required time
                                             -2.112101   data arrival time
---------------------------------------------------------------------------------------------
                                              7.941106   slack (MET)


Startpoint: rst_n (input port clocked by clk)
Endpoint: _40_ (recovery check against rising-edge clock clk)
Path Group: asynchronous
Path Type: max

Fanout         Cap        Slew       Delay        Time   Description
---------------------------------------------------------------------------------------------
                                  0.000000    0.000000   clock clk (rise edge)
                                  0.000000    0.000000   clock network delay (propagated)
                                  2.000000    2.000000 ^ input external delay
    10    0.047185    0.161796    0.112214    2.112214 ^ rst_n (in)
                                                         rst_n (net)
                      0.161813    0.000000    2.112214 ^ _40_/RESET_B (sky130_fd_sc_hd__dfrtp_2)
                                              2.112214   data arrival time

                                 10.000000   10.000000   clock clk (rise edge)
                                  0.000000   10.000000   clock source latency
     1    0.012201    0.046001    0.030549   10.030549 ^ clk (in)
                                                         clk (net)
                      0.046007    0.000000   10.030549 ^ clkbuf_0_clk/A (sky130_fd_sc_hd__clkbuf_16)
     2    0.020059    0.031235    0.088753   10.119302 ^ clkbuf_0_clk/X (sky130_fd_sc_hd__clkbuf_16)
                                                         clknet_0_clk (net)
                      0.031238    0.000556   10.119858 ^ clkbuf_1_1__f_clk/A (sky130_fd_sc_hd__clkbuf_16)
     6    0.017889    0.029740    0.082959   10.202818 ^ clkbuf_1_1__f_clk/X (sky130_fd_sc_hd__clkbuf_16)
                                                         clknet_1_1__leaf_clk (net)
                      0.029748    0.000643   10.203461 ^ _40_/CLK (sky130_fd_sc_hd__dfrtp_2)
                                 -0.250000    9.953461   clock uncertainty
                                  0.000000    9.953461   clock reconvergence pessimism
                                  0.099927   10.053387   library recovery time
                                             10.053387   data required time
---------------------------------------------------------------------------------------------
                                             10.053387   data required time
                                             -2.112214   data arrival time
---------------------------------------------------------------------------------------------
                                              7.941173   slack (MET)


Startpoint: rst_n (input port clocked by clk)
Endpoint: _41_ (recovery check against rising-edge clock clk)
Path Group: asynchronous
Path Type: max

Fanout         Cap        Slew       Delay        Time   Description
---------------------------------------------------------------------------------------------
                                  0.000000    0.000000   clock clk (rise edge)
                                  0.000000    0.000000   clock network delay (propagated)
                                  2.000000    2.000000 ^ input external delay
    10    0.047185    0.161796    0.111797    2.111798 ^ rst_n (in)
                                                         rst_n (net)
                      0.161804    0.000000    2.111798 ^ _41_/RESET_B (sky130_fd_sc_hd__dfrtp_2)
                                              2.111798   data arrival time

                                 10.000000   10.000000   clock clk (rise edge)
                                  0.000000   10.000000   clock source latency
     1    0.012201    0.046001    0.030549   10.030549 ^ clk (in)
                                                         clk (net)
                      0.046007    0.000000   10.030549 ^ clkbuf_0_clk/A (sky130_fd_sc_hd__clkbuf_16)
     2    0.020059    0.031235    0.088753   10.119302 ^ clkbuf_0_clk/X (sky130_fd_sc_hd__clkbuf_16)
                                                         clknet_0_clk (net)
                      0.031238    0.000556   10.119858 ^ clkbuf_1_1__f_clk/A (sky130_fd_sc_hd__clkbuf_16)
     6    0.017889    0.029740    0.082959   10.202818 ^ clkbuf_1_1__f_clk/X (sky130_fd_sc_hd__clkbuf_16)
                                                         clknet_1_1__leaf_clk (net)
                      0.029751    0.000804   10.203621 ^ _41_/CLK (sky130_fd_sc_hd__dfrtp_2)
                                 -0.250000    9.953621   clock uncertainty
                                  0.000000    9.953621   clock reconvergence pessimism
                                  0.099929   10.053551   library recovery time
                                             10.053551   data required time
---------------------------------------------------------------------------------------------
                                             10.053551   data required time
                                             -2.111798   data arrival time
---------------------------------------------------------------------------------------------
                                              7.941752   slack (MET)


Startpoint: _41_ (rising edge-triggered flip-flop clocked by clk)
Endpoint: _44_ (rising edge-triggered flip-flop clocked by clk)
Path Group: clk
Path Type: max

Fanout         Cap        Slew       Delay        Time   Description
---------------------------------------------------------------------------------------------
                                  0.000000    0.000000   clock clk (rise edge)
                                  0.000000    0.000000   clock source latency
     1    0.012201    0.046001    0.030548    0.030548 ^ clk (in)
                                                         clk (net)
                      0.046007    0.000000    0.030548 ^ clkbuf_0_clk/A (sky130_fd_sc_hd__clkbuf_16)
     2    0.020059    0.031235    0.088753    0.119302 ^ clkbuf_0_clk/X (sky130_fd_sc_hd__clkbuf_16)
                                                         clknet_0_clk (net)
                      0.031238    0.000556    0.119858 ^ clkbuf_1_1__f_clk/A (sky130_fd_sc_hd__clkbuf_16)
     6    0.017889    0.029740    0.082959    0.202817 ^ clkbuf_1_1__f_clk/X (sky130_fd_sc_hd__clkbuf_16)
                                                         clknet_1_1__leaf_clk (net)
                      0.029751    0.000804    0.203621 ^ _41_/CLK (sky130_fd_sc_hd__dfrtp_2)
     4    0.012386    0.046241    0.260456    0.464077 v _41_/Q (sky130_fd_sc_hd__dfrtp_2)
                                                         ie (net)
                      0.046242    0.000260    0.464337 v _24_/A (sky130_fd_sc_hd__and2_2)
     1    0.003096    0.027022    0.107034    0.571372 v _24_/X (sky130_fd_sc_hd__and2_2)
                                                         _00_ (net)
                      0.027022    0.000091    0.571463 v _44_/D (sky130_fd_sc_hd__dfrtp_2)
                                              0.571463   data arrival time

                                 10.000000   10.000000   clock clk (rise edge)
                                  0.000000   10.000000   clock source latency
     1    0.012201    0.046001    0.030549   10.030549 ^ clk (in)
                                                         clk (net)
                      0.046007    0.000000   10.030549 ^ clkbuf_0_clk/A (sky130_fd_sc_hd__clkbuf_16)
     2    0.020059    0.031235    0.088753   10.119302 ^ clkbuf_0_clk/X (sky130_fd_sc_hd__clkbuf_16)
                                                         clknet_0_clk (net)
                      0.031238    0.000556   10.119858 ^ clkbuf_1_1__f_clk/A (sky130_fd_sc_hd__clkbuf_16)
     6    0.017889    0.029740    0.082959   10.202818 ^ clkbuf_1_1__f_clk/X (sky130_fd_sc_hd__clkbuf_16)
                                                         clknet_1_1__leaf_clk (net)
                      0.029750    0.000759   10.203576 ^ _44_/CLK (sky130_fd_sc_hd__dfrtp_2)
                                 -0.250000    9.953576   clock uncertainty
                                  0.000000    9.953576   clock reconvergence pessimism
                                 -0.072104    9.881472   library setup time
                                              9.881472   data required time
---------------------------------------------------------------------------------------------
                                              9.881472   data required time
                                             -0.571463   data arrival time
---------------------------------------------------------------------------------------------
                                              9.310009   slack (MET)



