
===========================================================================
 report_power
============================================================================
======================= nom_ff_n40C_1v95 Corner ===================================

Group                    Internal    Switching      Leakage        Total
                            Power        Power        Power        Power (Watts)
------------------------------------------------------------------------
Sequential           5.608409e-05 1.891693e-05 2.005704e-10 7.500123e-05  41.3%
Combinational        7.014810e-06 1.072907e-05 1.787423e-10 1.774406e-05   9.8%
Clock                6.860770e-05 2.018363e-05 3.905343e-10 8.879172e-05  48.9%
Macro                0.000000e+00 0.000000e+00 0.000000e+00 0.000000e+00   0.0%
Pad                  0.000000e+00 0.000000e+00 0.000000e+00 0.000000e+00   0.0%
------------------------------------------------------------------------
Total                1.317066e-04 4.982963e-05 7.698468e-10 1.815370e-04 100.0%
                            72.6%        27.4%         0.0%

