
 /----------------------------------------------------------------------------\
 |                                                                            |
 |  yosys -- Yosys Open SYnthesis Suite                                       |
 |                                                                            |
 |  Copyright (C) 2012 - 2020  Claire Xenia Wolf <claire@yosyshq.com>         |
 |                                                                            |
 |  Permission to use, copy, modify, and/or distribute this software for any  |
 |  purpose with or without fee is hereby granted, provided that the above    |
 |  copyright notice and this permission notice appear in all copies.         |
 |                                                                            |
 |  THE SOFTWARE IS PROVIDED "AS IS" AND THE AUTHOR DISCLAIMS ALL WARRANTIES  |
 |  WITH REGARD TO THIS SOFTWARE INCLUDING ALL IMPLIED WARRANTIES OF          |
 |  MERCHANTABILITY AND FITNESS. IN NO EVENT SHALL THE AUTHOR BE LIABLE FOR   |
 |  ANY SPECIAL, DIRECT, INDIRECT, OR CONSEQUENTIAL DAMAGES OR ANY DAMAGES    |
 |  WHATSOEVER RESULTING FROM LOSS OF USE, DATA OR PROFITS, WHETHER IN AN     |
 |  ACTION OF CONTRACT, NEGLIGENCE OR OTHER TORTIOUS ACTION, ARISING OUT OF   |
 |  OR IN CONNECTION WITH THE USE OR PERFORMANCE OF THIS SOFTWARE.            |
 |                                                                            |
 \----------------------------------------------------------------------------/

 Yosys 0.38 (git sha1 543faed9c8c, clang++ 17.0.6 -fPIC -Os)

Loaded SDC plugin
[TCL: yosys -import] Command name collision: found pre-existing command `cd' -> skip.
[TCL: yosys -import] Command name collision: found pre-existing command `eval' -> skip.
[TCL: yosys -import] Command name collision: found pre-existing command `exec' -> skip.
[TCL: yosys -import] Command name collision: found pre-existing command `read' -> skip.
[TCL: yosys -import] Command name collision: found pre-existing command `trace' -> skip.

1. Executing Liberty frontend: /root/.volare/sky130A/libs.ref/sky130_fd_sc_hd/lib/sky130_fd_sc_hd__tt_025C_1v80.lib
Imported 428 cell types from liberty file.

2. Executing Verilog-2005 frontend: ./io_pad_wrapper.v
Parsing SystemVerilog input from `./io_pad_wrapper.v' to AST representation.
Generating RTLIL representation for module `\io_pad_wrapper'.
Successfully finished Verilog frontend.

3. Executing HIERARCHY pass (managing design hierarchy).

3.1. Analyzing design hierarchy..
Top module:  \io_pad_wrapper

3.2. Analyzing design hierarchy..
Top module:  \io_pad_wrapper
Removed 0 unused modules.
Renaming module io_pad_wrapper to io_pad_wrapper.

4. Generating Graphviz representation of design.
Writing dot description to `/content/openlane_run/20-yosys-synthesis/hierarchy.dot'.
Dumping module io_pad_wrapper to page 1.

5. Executing TRIBUF pass.

6. Executing HIERARCHY pass (managing design hierarchy).

6.1. Analyzing design hierarchy..
Top module:  \io_pad_wrapper

6.2. Analyzing design hierarchy..
Top module:  \io_pad_wrapper
Removed 0 unused modules.

7. Executing PROC_CLEAN pass (remove empty switches from decision trees).
Cleaned up 0 empty switches.

8. Executing PROC_RMDEAD pass (remove dead branches from decision trees).
Marked 2 switch rules as full_case in process $proc$./io_pad_wrapper.v:107$7 in module io_pad_wrapper.
Marked 1 switch rules as full_case in process $proc$./io_pad_wrapper.v:84$5 in module io_pad_wrapper.
Marked 1 switch rules as full_case in process $proc$./io_pad_wrapper.v:64$1 in module io_pad_wrapper.
Removed a total of 0 dead cases.

9. Executing PROC_PRUNE pass (remove redundant assignments in processes).
Removed 2 redundant assignments.
Promoted 1 assignment to connection.

10. Executing PROC_INIT pass (extract init attributes).

11. Executing PROC_ARST pass (detect async resets in processes).
Found async reset \rst_n in `\io_pad_wrapper.$proc$./io_pad_wrapper.v:107$7'.
Found async reset \rst_n in `\io_pad_wrapper.$proc$./io_pad_wrapper.v:64$1'.

12. Executing PROC_ROM pass (convert switches to ROMs).
Converted 0 switches.
<suppressed ~3 debug messages>

13. Executing PROC_MUX pass (convert decision trees to multiplexers).
Creating decoders for process `\io_pad_wrapper.$proc$./io_pad_wrapper.v:107$7'.
     1/2: $0\core_din[0:0]
     2/2: $0\sync_ff1[0:0]
Creating decoders for process `\io_pad_wrapper.$proc$./io_pad_wrapper.v:84$5'.
     1/1: $1\reg_rdata[7:0]
Creating decoders for process `\io_pad_wrapper.$proc$./io_pad_wrapper.v:64$1'.
     1/1: $0\ctrl_reg[7:0]

14. Executing PROC_DLATCH pass (convert process syncs to latches).
No latch inferred for signal `\io_pad_wrapper.\reg_rdata' from process `\io_pad_wrapper.$proc$./io_pad_wrapper.v:84$5'.

15. Executing PROC_DFF pass (convert process syncs to FFs).
Creating register for signal `\io_pad_wrapper.\core_din' using process `\io_pad_wrapper.$proc$./io_pad_wrapper.v:107$7'.
  created $adff cell `$procdff$22' with positive edge clock and negative level reset.
Creating register for signal `\io_pad_wrapper.\sync_ff1' using process `\io_pad_wrapper.$proc$./io_pad_wrapper.v:107$7'.
  created $adff cell `$procdff$23' with positive edge clock and negative level reset.
Creating register for signal `\io_pad_wrapper.\ctrl_reg' using process `\io_pad_wrapper.$proc$./io_pad_wrapper.v:64$1'.
  created $adff cell `$procdff$24' with positive edge clock and negative level reset.

16. Executing PROC_MEMWR pass (convert process memory writes to cells).

17. Executing PROC_CLEAN pass (remove empty switches from decision trees).
Found and cleaned up 1 empty switch in `\io_pad_wrapper.$proc$./io_pad_wrapper.v:107$7'.
Removing empty process `io_pad_wrapper.$proc$./io_pad_wrapper.v:107$7'.
Found and cleaned up 1 empty switch in `\io_pad_wrapper.$proc$./io_pad_wrapper.v:84$5'.
Removing empty process `io_pad_wrapper.$proc$./io_pad_wrapper.v:84$5'.
Found and cleaned up 1 empty switch in `\io_pad_wrapper.$proc$./io_pad_wrapper.v:64$1'.
Removing empty process `io_pad_wrapper.$proc$./io_pad_wrapper.v:64$1'.
Cleaned up 3 empty switches.

18. Executing CHECK pass (checking for obvious problems).
Checking module io_pad_wrapper...
Found and reported 0 problems.

19. Executing OPT_EXPR pass (perform const folding).
Optimizing module io_pad_wrapper.
<suppressed ~4 debug messages>

20. Executing FLATTEN pass (flatten design).

21. Executing OPT_EXPR pass (perform const folding).
Optimizing module io_pad_wrapper.

22. Executing OPT_CLEAN pass (remove unused cells and wires).
Finding unused cells or wires in module \io_pad_wrapper..
Removed 3 unused cells and 13 unused wires.
<suppressed ~4 debug messages>

23. Executing OPT pass (performing simple optimizations).

23.1. Executing OPT_EXPR pass (perform const folding).
Optimizing module io_pad_wrapper.

23.2. Executing OPT_MERGE pass (detect identical cells).
Finding identical cells in module `\io_pad_wrapper'.
<suppressed ~3 debug messages>
Removed a total of 1 cells.

23.3. Executing OPT_MUXTREE pass (detect dead branches in mux trees).
Running muxtree optimizer on module \io_pad_wrapper..
  Creating internal representation of mux trees.
  Evaluating internal representation of mux trees.
  Analyzing evaluation results.
Removed 0 multiplexer ports.
<suppressed ~4 debug messages>

23.4. Executing OPT_REDUCE pass (consolidate $*mux and $reduce_* inputs).
  Optimizing cells in module \io_pad_wrapper.
Performed a total of 0 changes.

23.5. Executing OPT_MERGE pass (detect identical cells).
Finding identical cells in module `\io_pad_wrapper'.
Removed a total of 0 cells.

23.6. Executing OPT_DFF pass (perform DFF optimizations).

23.7. Executing OPT_CLEAN pass (remove unused cells and wires).
Finding unused cells or wires in module \io_pad_wrapper..
Removed 0 unused cells and 1 unused wires.
<suppressed ~1 debug messages>

23.8. Executing OPT_EXPR pass (perform const folding).
Optimizing module io_pad_wrapper.

23.9. Rerunning OPT passes. (Maybe there is more to do..)

23.10. Executing OPT_MUXTREE pass (detect dead branches in mux trees).
Running muxtree optimizer on module \io_pad_wrapper..
  Creating internal representation of mux trees.
  Evaluating internal representation of mux trees.
  Analyzing evaluation results.
Removed 0 multiplexer ports.
<suppressed ~4 debug messages>

23.11. Executing OPT_REDUCE pass (consolidate $*mux and $reduce_* inputs).
  Optimizing cells in module \io_pad_wrapper.
Performed a total of 0 changes.

23.12. Executing OPT_MERGE pass (detect identical cells).
Finding identical cells in module `\io_pad_wrapper'.
Removed a total of 0 cells.

23.13. Executing OPT_DFF pass (perform DFF optimizations).

23.14. Executing OPT_CLEAN pass (remove unused cells and wires).
Finding unused cells or wires in module \io_pad_wrapper..

23.15. Executing OPT_EXPR pass (perform const folding).
Optimizing module io_pad_wrapper.

23.16. Finished OPT passes. (There is nothing left to do.)

24. Executing FSM pass (extract and optimize FSM).

24.1. Executing FSM_DETECT pass (finding FSMs in design).

24.2. Executing FSM_EXTRACT pass (extracting FSM from design).

24.3. Executing FSM_OPT pass (simple optimizations of FSMs).

24.4. Executing OPT_CLEAN pass (remove unused cells and wires).
Finding unused cells or wires in module \io_pad_wrapper..

24.5. Executing FSM_OPT pass (simple optimizations of FSMs).

24.6. Executing FSM_RECODE pass (re-assigning FSM state encoding).

24.7. Executing FSM_INFO pass (dumping all available information on FSM cells).

24.8. Executing FSM_MAP pass (mapping FSMs to basic logic).

25. Executing OPT pass (performing simple optimizations).

25.1. Executing OPT_EXPR pass (perform const folding).
Optimizing module io_pad_wrapper.

25.2. Executing OPT_MERGE pass (detect identical cells).
Finding identical cells in module `\io_pad_wrapper'.
Removed a total of 0 cells.

25.3. Executing OPT_MUXTREE pass (detect dead branches in mux trees).
Running muxtree optimizer on module \io_pad_wrapper..
  Creating internal representation of mux trees.
  Evaluating internal representation of mux trees.
  Analyzing evaluation results.
Removed 0 multiplexer ports.
<suppressed ~4 debug messages>

25.4. Executing OPT_REDUCE pass (consolidate $*mux and $reduce_* inputs).
  Optimizing cells in module \io_pad_wrapper.
Performed a total of 0 changes.

25.5. Executing OPT_MERGE pass (detect identical cells).
Finding identical cells in module `\io_pad_wrapper'.
Removed a total of 0 cells.

25.6. Executing OPT_DFF pass (perform DFF optimizations).
Adding EN signal on $procdff$24 ($adff) from module io_pad_wrapper (D = \reg_wdata, Q = \ctrl_reg).

25.7. Executing OPT_CLEAN pass (remove unused cells and wires).
Finding unused cells or wires in module \io_pad_wrapper..
Removed 1 unused cells and 1 unused wires.
<suppressed ~2 debug messages>

25.8. Executing OPT_EXPR pass (perform const folding).
Optimizing module io_pad_wrapper.

25.9. Rerunning OPT passes. (Maybe there is more to do..)

25.10. Executing OPT_MUXTREE pass (detect dead branches in mux trees).
Running muxtree optimizer on module \io_pad_wrapper..
  Creating internal representation of mux trees.
  Evaluating internal representation of mux trees.
  Analyzing evaluation results.
Removed 0 multiplexer ports.
<suppressed ~3 debug messages>

25.11. Executing OPT_REDUCE pass (consolidate $*mux and $reduce_* inputs).
  Optimizing cells in module \io_pad_wrapper.
Performed a total of 0 changes.

25.12. Executing OPT_MERGE pass (detect identical cells).
Finding identical cells in module `\io_pad_wrapper'.
Removed a total of 0 cells.

25.13. Executing OPT_DFF pass (perform DFF optimizations).

25.14. Executing OPT_CLEAN pass (remove unused cells and wires).
Finding unused cells or wires in module \io_pad_wrapper..

25.15. Executing OPT_EXPR pass (perform const folding).
Optimizing module io_pad_wrapper.

25.16. Finished OPT passes. (There is nothing left to do.)

26. Executing WREDUCE pass (reducing word size of cells).
Removed top 1 bits (of 2) from port B of cell io_pad_wrapper.$procmux$18_CMP0 ($eq).

27. Executing PEEPOPT pass (run peephole optimizers).

28. Executing OPT_CLEAN pass (remove unused cells and wires).
Finding unused cells or wires in module \io_pad_wrapper..

29. Executing ALUMACC pass (create $alu and $macc cells).
Extracting $alu and $macc cells in module io_pad_wrapper:
  created 0 $alu and 0 $macc cells.

30. Executing SHARE pass (SAT-based resource sharing).

31. Executing OPT pass (performing simple optimizations).

31.1. Executing OPT_EXPR pass (perform const folding).
Optimizing module io_pad_wrapper.

31.2. Executing OPT_MERGE pass (detect identical cells).
Finding identical cells in module `\io_pad_wrapper'.
Removed a total of 0 cells.

31.3. Executing OPT_MUXTREE pass (detect dead branches in mux trees).
Running muxtree optimizer on module \io_pad_wrapper..
  Creating internal representation of mux trees.
  Evaluating internal representation of mux trees.
  Analyzing evaluation results.
Removed 0 multiplexer ports.
<suppressed ~3 debug messages>

31.4. Executing OPT_REDUCE pass (consolidate $*mux and $reduce_* inputs).
  Optimizing cells in module \io_pad_wrapper.
Performed a total of 0 changes.

31.5. Executing OPT_MERGE pass (detect identical cells).
Finding identical cells in module `\io_pad_wrapper'.
Removed a total of 0 cells.

31.6. Executing OPT_DFF pass (perform DFF optimizations).

31.7. Executing OPT_CLEAN pass (remove unused cells and wires).
Finding unused cells or wires in module \io_pad_wrapper..

31.8. Executing OPT_EXPR pass (perform const folding).
Optimizing module io_pad_wrapper.

31.9. Finished OPT passes. (There is nothing left to do.)

32. Executing MEMORY pass.

32.1. Executing OPT_MEM pass (optimize memories).
Performed a total of 0 transformations.

32.2. Executing OPT_MEM_PRIORITY pass (removing unnecessary memory write priority relations).
Performed a total of 0 transformations.

32.3. Executing OPT_MEM_FEEDBACK pass (finding memory read-to-write feedback paths).

32.4. Executing MEMORY_BMUX2ROM pass (converting muxes to ROMs).

32.5. Executing MEMORY_DFF pass (merging $dff cells to $memrd).

32.6. Executing OPT_CLEAN pass (remove unused cells and wires).
Finding unused cells or wires in module \io_pad_wrapper..

32.7. Executing MEMORY_SHARE pass (consolidating $memrd/$memwr cells).

32.8. Executing OPT_MEM_WIDEN pass (optimize memories where all ports are wide).
Performed a total of 0 transformations.

32.9. Executing OPT_CLEAN pass (remove unused cells and wires).
Finding unused cells or wires in module \io_pad_wrapper..

32.10. Executing MEMORY_COLLECT pass (generating $mem cells).

33. Executing OPT_CLEAN pass (remove unused cells and wires).
Finding unused cells or wires in module \io_pad_wrapper..

34. Executing OPT pass (performing simple optimizations).

34.1. Executing OPT_EXPR pass (perform const folding).
Optimizing module io_pad_wrapper.
<suppressed ~2 debug messages>

34.2. Executing OPT_MERGE pass (detect identical cells).
Finding identical cells in module `\io_pad_wrapper'.
Removed a total of 0 cells.

34.3. Executing OPT_DFF pass (perform DFF optimizations).

34.4. Executing OPT_CLEAN pass (remove unused cells and wires).
Finding unused cells or wires in module \io_pad_wrapper..

34.5. Finished fast OPT passes.

35. Executing MEMORY_MAP pass (converting memories to logic and flip-flops).

36. Executing OPT pass (performing simple optimizations).

36.1. Executing OPT_EXPR pass (perform const folding).
Optimizing module io_pad_wrapper.

36.2. Executing OPT_MERGE pass (detect identical cells).
Finding identical cells in module `\io_pad_wrapper'.
Removed a total of 0 cells.

36.3. Executing OPT_MUXTREE pass (detect dead branches in mux trees).
Running muxtree optimizer on module \io_pad_wrapper..
  Creating internal representation of mux trees.
  Evaluating internal representation of mux trees.
  Analyzing evaluation results.
Removed 0 multiplexer ports.
<suppressed ~2 debug messages>

36.4. Executing OPT_REDUCE pass (consolidate $*mux and $reduce_* inputs).
  Optimizing cells in module \io_pad_wrapper.
Performed a total of 0 changes.

36.5. Executing OPT_MERGE pass (detect identical cells).
Finding identical cells in module `\io_pad_wrapper'.
Removed a total of 0 cells.

36.6. Executing OPT_SHARE pass.

36.7. Executing OPT_DFF pass (perform DFF optimizations).

36.8. Executing OPT_CLEAN pass (remove unused cells and wires).
Finding unused cells or wires in module \io_pad_wrapper..

36.9. Executing OPT_EXPR pass (perform const folding).
Optimizing module io_pad_wrapper.

36.10. Finished OPT passes. (There is nothing left to do.)

37. Executing TECHMAP pass (map to technology primitives).

37.1. Executing Verilog-2005 frontend: /nix/store/sx2v0i73mn1ih2z1nk61pm9n5gjgpidy-yosys/bin/../share/yosys/techmap.v
Parsing Verilog input from `/nix/store/sx2v0i73mn1ih2z1nk61pm9n5gjgpidy-yosys/bin/../share/yosys/techmap.v' to AST representation.
Generating RTLIL representation for module `\_90_simplemap_bool_ops'.
Generating RTLIL representation for module `\_90_simplemap_reduce_ops'.
Generating RTLIL representation for module `\_90_simplemap_logic_ops'.
Generating RTLIL representation for module `\_90_simplemap_compare_ops'.
Generating RTLIL representation for module `\_90_simplemap_various'.
Generating RTLIL representation for module `\_90_simplemap_registers'.
Generating RTLIL representation for module `\_90_shift_ops_shr_shl_sshl_sshr'.
Generating RTLIL representation for module `\_90_shift_shiftx'.
Generating RTLIL representation for module `\_90_fa'.
Generating RTLIL representation for module `\_90_lcu'.
Generating RTLIL representation for module `\_90_alu'.
Generating RTLIL representation for module `\_90_macc'.
Generating RTLIL representation for module `\_90_alumacc'.
Generating RTLIL representation for module `\$__div_mod_u'.
Generating RTLIL representation for module `\$__div_mod_trunc'.
Generating RTLIL representation for module `\_90_div'.
Generating RTLIL representation for module `\_90_mod'.
Generating RTLIL representation for module `\$__div_mod_floor'.
Generating RTLIL representation for module `\_90_divfloor'.
Generating RTLIL representation for module `\_90_modfloor'.
Generating RTLIL representation for module `\_90_pow'.
Generating RTLIL representation for module `\_90_pmux'.
Generating RTLIL representation for module `\_90_demux'.
Generating RTLIL representation for module `\_90_lut'.
Successfully finished Verilog frontend.

37.2. Continuing TECHMAP pass.
Using extmapper simplemap for cells of type $logic_not.
Using extmapper simplemap for cells of type $logic_and.
Using extmapper simplemap for cells of type $mux.
Using extmapper simplemap for cells of type $and.
Using extmapper simplemap for cells of type $eq.
Using template $paramod$fc16b9f758000d363d24f130038bd99b46b4fa1b\_90_pmux for cells of type $pmux.
Using extmapper simplemap for cells of type $adffe.
Using extmapper simplemap for cells of type $adff.
Using extmapper simplemap for cells of type $reduce_or.
No more expansions possible.
<suppressed ~108 debug messages>

38. Executing OPT pass (performing simple optimizations).

38.1. Executing OPT_EXPR pass (perform const folding).
Optimizing module io_pad_wrapper.
<suppressed ~14 debug messages>

38.2. Executing OPT_MERGE pass (detect identical cells).
Finding identical cells in module `\io_pad_wrapper'.
Removed a total of 0 cells.

38.3. Executing OPT_DFF pass (perform DFF optimizations).

38.4. Executing OPT_CLEAN pass (remove unused cells and wires).
Finding unused cells or wires in module \io_pad_wrapper..
Removed 0 unused cells and 35 unused wires.
<suppressed ~1 debug messages>

38.5. Finished fast OPT passes.

39. Executing ABC pass (technology mapping using ABC).

39.1. Extracting gate netlist of module `\io_pad_wrapper' to `<abc-temp-dir>/input.blif'..
Extracted 30 gates and 46 wires to a netlist network with 15 inputs and 11 outputs.

39.1.1. Executing ABC.
Running ABC command: "/nix/store/wq2q0njg3sx8wvj2akz7x1qxwyrv9xlr-yosys-abc/bin/abc" -s -f <abc-temp-dir>/abc.script 2>&1
ABC: ABC command line: "source <abc-temp-dir>/abc.script".
ABC: 
ABC: + read_blif <abc-temp-dir>/input.blif 
ABC: + read_library <abc-temp-dir>/stdcells.genlib 
ABC: Entered genlib library with 13 gates from file "<abc-temp-dir>/stdcells.genlib".
ABC: + strash 
ABC: + dretime 
ABC: + map 
ABC: + write_blif <abc-temp-dir>/output.blif 

39.1.2. Re-integrating ABC results.
ABC RESULTS:                OR cells:        1
ABC RESULTS:               NOR cells:        1
ABC RESULTS:             ORNOT cells:        1
ABC RESULTS:              NAND cells:        1
ABC RESULTS:            ANDNOT cells:       13
ABC RESULTS:               MUX cells:        1
ABC RESULTS:               AND cells:        3
ABC RESULTS:        internal signals:       20
ABC RESULTS:           input signals:       15
ABC RESULTS:          output signals:       11
Removing temp directory.

40. Executing OPT pass (performing simple optimizations).

40.1. Executing OPT_EXPR pass (perform const folding).
Optimizing module io_pad_wrapper.

40.2. Executing OPT_MERGE pass (detect identical cells).
Finding identical cells in module `\io_pad_wrapper'.
Removed a total of 0 cells.

40.3. Executing OPT_DFF pass (perform DFF optimizations).

40.4. Executing OPT_CLEAN pass (remove unused cells and wires).
Finding unused cells or wires in module \io_pad_wrapper..
Removed 0 unused cells and 34 unused wires.
<suppressed ~2 debug messages>

40.5. Finished fast OPT passes.

41. Executing HIERARCHY pass (managing design hierarchy).

41.1. Analyzing design hierarchy..
Top module:  \io_pad_wrapper

41.2. Analyzing design hierarchy..
Top module:  \io_pad_wrapper
Removed 0 unused modules.

42. Printing statistics.

=== io_pad_wrapper ===

   Number of wires:                 32
   Number of wire bits:             55
   Number of public wires:          19
   Number of public wire bits:      42
   Number of memories:               0
   Number of memory bits:            0
   Number of processes:              0
   Number of cells:                 31
     $_ANDNOT_                      13
     $_AND_                          3
     $_DFFE_PN0P_                    8
     $_DFF_PN0_                      2
     $_MUX_                          1
     $_NAND_                         1
     $_NOR_                          1
     $_ORNOT_                        1
     $_OR_                           1

43. Executing CHECK pass (checking for obvious problems).
Checking module io_pad_wrapper...
Found and reported 0 problems.

44. Generating Graphviz representation of design.
Writing dot description to `/content/openlane_run/20-yosys-synthesis/primitive_techmap.dot'.
Dumping module io_pad_wrapper to page 1.

45. Executing OPT pass (performing simple optimizations).

45.1. Executing OPT_EXPR pass (perform const folding).
Optimizing module io_pad_wrapper.

45.2. Executing OPT_MERGE pass (detect identical cells).
Finding identical cells in module `\io_pad_wrapper'.
Removed a total of 0 cells.

45.3. Executing OPT_MUXTREE pass (detect dead branches in mux trees).
Running muxtree optimizer on module \io_pad_wrapper..
  Creating internal representation of mux trees.
  No muxes found in this module.
Removed 0 multiplexer ports.

45.4. Executing OPT_REDUCE pass (consolidate $*mux and $reduce_* inputs).
  Optimizing cells in module \io_pad_wrapper.
Performed a total of 0 changes.

45.5. Executing OPT_MERGE pass (detect identical cells).
Finding identical cells in module `\io_pad_wrapper'.
Removed a total of 0 cells.

45.6. Executing OPT_DFF pass (perform DFF optimizations).

45.7. Executing OPT_CLEAN pass (remove unused cells and wires).
Finding unused cells or wires in module \io_pad_wrapper..

45.8. Executing OPT_EXPR pass (perform const folding).
Optimizing module io_pad_wrapper.

45.9. Finished OPT passes. (There is nothing left to do.)

46. Executing OPT_CLEAN pass (remove unused cells and wires).
Finding unused cells or wires in module \io_pad_wrapper..
Removed 0 unused cells and 1 unused wires.
<suppressed ~1 debug messages>
{
   "creator": "Yosys 0.38 (git sha1 543faed9c8c, clang++ 17.0.6 -fPIC -Os)",
   "invocation": "stat -json -liberty /content/openlane_run/tmp/33881565789d464e9760f78ff8b64b53.lib ",
   "modules": {
      "\\io_pad_wrapper": {
         "num_wires":         31,
         "num_wire_bits":     47,
         "num_pub_wires":     18,
         "num_pub_wire_bits": 34,
         "num_memories":      0,
         "num_memory_bits":   0,
         "num_processes":     0,
         "num_cells":         31,
         "num_cells_by_type": {
            "$_ANDNOT_": 13,
            "$_AND_": 3,
            "$_DFFE_PN0P_": 8,
            "$_DFF_PN0_": 2,
            "$_MUX_": 1,
            "$_NAND_": 1,
            "$_NOR_": 1,
            "$_ORNOT_": 1,
            "$_OR_": 1
         }
      }
   },
      "design": {
         "num_wires":         31,
         "num_wire_bits":     47,
         "num_pub_wires":     18,
         "num_pub_wire_bits": 34,
         "num_memories":      0,
         "num_memory_bits":   0,
         "num_processes":     0,
         "num_cells":         31,
         "num_cells_by_type": {
            "$_ANDNOT_": 13,
            "$_AND_": 3,
            "$_DFFE_PN0P_": 8,
            "$_DFF_PN0_": 2,
            "$_MUX_": 1,
            "$_NAND_": 1,
            "$_NOR_": 1,
            "$_ORNOT_": 1,
            "$_OR_": 1
         }
      }
}

47. Printing statistics.

=== io_pad_wrapper ===

   Number of wires:                 31
   Number of wire bits:             47
   Number of public wires:          18
   Number of public wire bits:      34
   Number of memories:               0
   Number of memory bits:            0
   Number of processes:              0
   Number of cells:                 31
     $_ANDNOT_                      13
     $_AND_                          3
     $_DFFE_PN0P_                    8
     $_DFF_PN0_                      2
     $_MUX_                          1
     $_NAND_                         1
     $_NOR_                          1
     $_ORNOT_                        1
     $_OR_                           1

   Area for cell type $_AND_ is unknown!
   Area for cell type $_NAND_ is unknown!
   Area for cell type $_OR_ is unknown!
   Area for cell type $_NOR_ is unknown!
   Area for cell type $_ANDNOT_ is unknown!
   Area for cell type $_ORNOT_ is unknown!
   Area for cell type $_MUX_ is unknown!
   Area for cell type $_DFF_PN0_ is unknown!
   Area for cell type $_DFFE_PN0P_ is unknown!

mapping tbuf
[INFO] Applying tri-state buffer mapping from '/root/.volare/sky130A/libs.tech/openlane/sky130_fd_sc_hd/tribuff_map.v'...

48. Executing TECHMAP pass (map to technology primitives).

48.1. Executing Verilog-2005 frontend: /root/.volare/sky130A/libs.tech/openlane/sky130_fd_sc_hd/tribuff_map.v
Parsing Verilog input from `/root/.volare/sky130A/libs.tech/openlane/sky130_fd_sc_hd/tribuff_map.v' to AST representation.
Generating RTLIL representation for module `\$_TBUF_'.
Successfully finished Verilog frontend.

48.2. Continuing TECHMAP pass.
No more expansions possible.
<suppressed ~3 debug messages>

49. Executing SIMPLEMAP pass (map simple cells to gate primitives).
[INFO] Applying latch mapping from '/root/.volare/sky130A/libs.tech/openlane/sky130_fd_sc_hd/latch_map.v'...

50. Executing TECHMAP pass (map to technology primitives).

50.1. Executing Verilog-2005 frontend: /root/.volare/sky130A/libs.tech/openlane/sky130_fd_sc_hd/latch_map.v
Parsing Verilog input from `/root/.volare/sky130A/libs.tech/openlane/sky130_fd_sc_hd/latch_map.v' to AST representation.
Generating RTLIL representation for module `\$_DLATCH_P_'.
Generating RTLIL representation for module `\$_DLATCH_N_'.
Successfully finished Verilog frontend.

50.2. Continuing TECHMAP pass.
No more expansions possible.
<suppressed ~4 debug messages>

51. Executing SIMPLEMAP pass (map simple cells to gate primitives).

52. Executing DFFLIBMAP pass (mapping DFF cells to sequential cells from liberty file).
  cell sky130_fd_sc_hd__dfxtp_2 (noninv, pins=3, area=21.27) is a direct match for cell type $_DFF_P_.
  cell sky130_fd_sc_hd__dfrtp_2 (noninv, pins=4, area=26.28) is a direct match for cell type $_DFF_PN0_.
  cell sky130_fd_sc_hd__dfstp_2 (noninv, pins=4, area=26.28) is a direct match for cell type $_DFF_PN1_.
  cell sky130_fd_sc_hd__dfbbn_2 (noninv, pins=6, area=35.03) is a direct match for cell type $_DFFSR_NNN_.
  final dff cell mappings:
    unmapped dff cell: $_DFF_N_
    \sky130_fd_sc_hd__dfxtp_2 _DFF_P_ (.CLK( C), .D( D), .Q( Q));
    unmapped dff cell: $_DFF_NN0_
    unmapped dff cell: $_DFF_NN1_
    unmapped dff cell: $_DFF_NP0_
    unmapped dff cell: $_DFF_NP1_
    \sky130_fd_sc_hd__dfrtp_2 _DFF_PN0_ (.CLK( C), .D( D), .Q( Q), .RESET_B( R));
    \sky130_fd_sc_hd__dfstp_2 _DFF_PN1_ (.CLK( C), .D( D), .Q( Q), .SET_B( R));
    unmapped dff cell: $_DFF_PP0_
    unmapped dff cell: $_DFF_PP1_
    \sky130_fd_sc_hd__dfbbn_2 _DFFSR_NNN_ (.CLK_N( C), .D( D), .Q( Q), .Q_N(~Q), .RESET_B( R), .SET_B( S));
    unmapped dff cell: $_DFFSR_NNP_
    unmapped dff cell: $_DFFSR_NPN_
    unmapped dff cell: $_DFFSR_NPP_
    unmapped dff cell: $_DFFSR_PNN_
    unmapped dff cell: $_DFFSR_PNP_
    unmapped dff cell: $_DFFSR_PPN_
    unmapped dff cell: $_DFFSR_PPP_

52.1. Executing DFFLEGALIZE pass (convert FFs to types supported by the target).
Mapping DFF cells in module `\io_pad_wrapper':
  mapped 10 $_DFF_PN0_ cells to \sky130_fd_sc_hd__dfrtp_2 cells.
{
   "creator": "Yosys 0.38 (git sha1 543faed9c8c, clang++ 17.0.6 -fPIC -Os)",
   "invocation": "stat -json -liberty /content/openlane_run/tmp/33881565789d464e9760f78ff8b64b53.lib ",
   "modules": {
      "\\io_pad_wrapper": {
         "num_wires":         39,
         "num_wire_bits":     55,
         "num_pub_wires":     18,
         "num_pub_wire_bits": 34,
         "num_memories":      0,
         "num_memory_bits":   0,
         "num_processes":     0,
         "num_cells":         39,
         "area":              262.752000,
         "num_cells_by_type": {
            "$_ANDNOT_": 13,
            "$_AND_": 3,
            "$_MUX_": 9,
            "$_NAND_": 1,
            "$_NOR_": 1,
            "$_ORNOT_": 1,
            "$_OR_": 1,
            "sky130_fd_sc_hd__dfrtp_2": 10
         }
      }
   },
      "design": {
         "num_wires":         39,
         "num_wire_bits":     55,
         "num_pub_wires":     18,
         "num_pub_wire_bits": 34,
         "num_memories":      0,
         "num_memory_bits":   0,
         "num_processes":     0,
         "num_cells":         39,
         "area":              262.752000,
         "num_cells_by_type": {
            "$_ANDNOT_": 13,
            "$_AND_": 3,
            "$_MUX_": 9,
            "$_NAND_": 1,
            "$_NOR_": 1,
            "$_ORNOT_": 1,
            "$_OR_": 1,
            "sky130_fd_sc_hd__dfrtp_2": 10
         }
      }
}

53. Printing statistics.

=== io_pad_wrapper ===

   Number of wires:                 39
   Number of wire bits:             55
   Number of public wires:          18
   Number of public wire bits:      34
   Number of memories:               0
   Number of memory bits:            0
   Number of processes:              0
   Number of cells:                 39
     $_ANDNOT_                      13
     $_AND_                          3
     $_MUX_                          9
     $_NAND_                         1
     $_NOR_                          1
     $_ORNOT_                        1
     $_OR_                           1
     sky130_fd_sc_hd__dfrtp_2       10

   Area for cell type $_AND_ is unknown!
   Area for cell type $_NAND_ is unknown!
   Area for cell type $_OR_ is unknown!
   Area for cell type $_NOR_ is unknown!
   Area for cell type $_ANDNOT_ is unknown!
   Area for cell type $_ORNOT_ is unknown!
   Area for cell type $_MUX_ is unknown!

   Chip area for module '\io_pad_wrapper': 262.752000

[INFO] Using strategy "AREA 0"...

54. Executing ABC pass (technology mapping using ABC).

54.1. Extracting gate netlist of module `\io_pad_wrapper' to `/tmp/yosys-abc-qpNhab/input.blif'..
Extracted 29 gates and 52 wires to a netlist network with 23 inputs and 18 outputs.

54.1.1. Executing ABC.
Running ABC command: "/nix/store/wq2q0njg3sx8wvj2akz7x1qxwyrv9xlr-yosys-abc/bin/abc" -s -f /tmp/yosys-abc-qpNhab/abc.script 2>&1
ABC: ABC command line: "source /tmp/yosys-abc-qpNhab/abc.script".
ABC: 
ABC: + read_blif /tmp/yosys-abc-qpNhab/input.blif 
ABC: + read_lib -w /content/openlane_run/tmp/33881565789d464e9760f78ff8b64b53.lib 
ABC: Parsing finished successfully.  Parsing time =     0.28 sec
ABC: Scl_LibertyReadGenlib() skipped sequential cell "sky130_fd_sc_hd__dfbbn_2".
ABC: Scl_LibertyReadGenlib() skipped sequential cell "sky130_fd_sc_hd__dfrbp_2".
ABC: Scl_LibertyReadGenlib() skipped sequential cell "sky130_fd_sc_hd__dfrtp_2".
ABC: Scl_LibertyReadGenlib() skipped sequential cell "sky130_fd_sc_hd__dfrtp_4".
ABC: Scl_LibertyReadGenlib() skipped sequential cell "sky130_fd_sc_hd__dfsbp_2".
ABC: Scl_LibertyReadGenlib() skipped sequential cell "sky130_fd_sc_hd__dfstp_2".
ABC: Scl_LibertyReadGenlib() skipped sequential cell "sky130_fd_sc_hd__dfstp_4".
ABC: Scl_LibertyReadGenlib() skipped sequential cell "sky130_fd_sc_hd__dfxbp_2".
ABC: Scl_LibertyReadGenlib() skipped sequential cell "sky130_fd_sc_hd__dfxtp_2".
ABC: Scl_LibertyReadGenlib() skipped sequential cell "sky130_fd_sc_hd__dfxtp_4".
ABC: Scl_LibertyReadGenlib() skipped sequential cell "sky130_fd_sc_hd__dlxtn_1".
ABC: Scl_LibertyReadGenlib() skipped sequential cell "sky130_fd_sc_hd__dlxtn_2".
ABC: Scl_LibertyReadGenlib() skipped sequential cell "sky130_fd_sc_hd__dlxtn_4".
ABC: Scl_LibertyReadGenlib() skipped sequential cell "sky130_fd_sc_hd__dlxtp_1".
ABC: Scl_LibertyReadGenlib() skipped three-state cell "sky130_fd_sc_hd__ebufn_2".
ABC: Scl_LibertyReadGenlib() skipped three-state cell "sky130_fd_sc_hd__ebufn_4".
ABC: Scl_LibertyReadGenlib() skipped three-state cell "sky130_fd_sc_hd__ebufn_8".
ABC: Library "sky130_fd_sc_hd__tt_025C_1v80" from "/content/openlane_run/tmp/33881565789d464e9760f78ff8b64b53.lib" has 175 cells (17 skipped: 14 seq; 3 tri-state; 0 no func; 0 dont_use).  Time =     0.36 sec
ABC: Memory =    9.54 MB. Time =     0.36 sec
ABC: Warning: Detected 2 multi-output gates (for example, "sky130_fd_sc_hd__fa_1").
ABC: + read_constr -v /content/openlane_run/20-yosys-synthesis/synthesis.sdc 
ABC: Setting driving cell to be "sky130_fd_sc_hd__inv_2/Y".
ABC: Setting output load to be 33.442001.
ABC: + read_constr /content/openlane_run/20-yosys-synthesis/synthesis.sdc 
ABC: + fx 
ABC: + mfs 
ABC: + strash 
ABC: + drf -l 
ABC: + balance 
ABC: + drw -l 
ABC: + drf -l 
ABC: + balance 
ABC: + drw -l 
ABC: + drw -l -z 
ABC: + balance 
ABC: + drf -l -z 
ABC: + drw -l -z 
ABC: + balance 
ABC: + retime -D -D 10000 -M 5 
ABC: + scleanup 
ABC: Error: The network is combinational.
ABC: + fraig_store 
ABC: + balance 
ABC: + fraig_store 
ABC: + balance 
ABC: + drw -l 
ABC: + drf -l 
ABC: + balance 
ABC: + drw -l 
ABC: + drw -l -z 
ABC: + balance 
ABC: + drf -l -z 
ABC: + drw -l -z 
ABC: + balance 
ABC: + fraig_store 
ABC: + balance 
ABC: + drw -l 
ABC: + drf -l 
ABC: + balance 
ABC: + drw -l 
ABC: + drw -l -z 
ABC: + balance 
ABC: + drf -l -z 
ABC: + drw -l -z 
ABC: + balance 
ABC: + fraig_store 
ABC: + balance 
ABC: + drw -l 
ABC: + drf -l 
ABC: + balance 
ABC: + drw -l 
ABC: + drw -l -z 
ABC: + balance 
ABC: + drf -l -z 
ABC: + drw -l -z 
ABC: + balance 
ABC: + fraig_store 
ABC: + fraig_restore 
ABC: + amap -m -Q 0.1 -F 20 -A 20 -C 5000 
ABC: + retime -D -D 10000 
ABC: + &get -n 
ABC: + &st 
ABC: + &dch 
ABC: + &nf 
ABC: + &put 
ABC: + 
ABC: + stime -p 
ABC: Cannot find the default PI driving cell (sky130_fd_sc_hd__inv_2/Y) in the library.
ABC: WireLoad = "none"  Gates =     22 (  0.0 %)   Cap = 16.1 ff ( 10.2 %)   Area =      205.20 ( 59.1 %)   Delay =  1040.58 ps  ( 40.9 %)               
ABC: Path  0 --       1 : 0    3 pi                      A =   0.00  Df =   0.0   -0.0 ps  S =   0.0 ps  Cin =  0.0 ff  Cout =   7.8 ff  Cmax =   0.0 ff  G =    0  
ABC: Path  1 --      55 : 3    8 sky130_fd_sc_hd__or3b_2 A =   8.76  Df = 550.9 -285.2 ps  S = 169.0 ps  Cin =  1.5 ff  Cout =  28.2 ff  Cmax = 269.2 ff  G = 1805  
ABC: Path  2 --      56 : 3    1 sky130_fd_sc_hd__mux2_1 A =  11.26  Df =1040.6 -341.2 ps  S = 300.1 ps  Cin =  2.3 ff  Cout =  33.4 ff  Cmax = 173.0 ff  G = 1465  
ABC: Start-point = pi0 (\reg_addr [1]).  End-point = po10 ($auto$rtlil.cc:2684:MuxGate$210).
ABC: + print_stats -m 
ABC: netlist                       : i/o =   23/   18  lat =    0  nd =    22  edge =     58  area =205.22  delay = 2.00  lev = 2
ABC: + write_blif /tmp/yosys-abc-qpNhab/output.blif 

54.1.2. Re-integrating ABC results.
ABC RESULTS:   sky130_fd_sc_hd__nor2_2 cells:        1
ABC RESULTS:   sky130_fd_sc_hd__and2b_2 cells:        1
ABC RESULTS:   sky130_fd_sc_hd__a22o_2 cells:        2
ABC RESULTS:   sky130_fd_sc_hd__and2_2 cells:        8
ABC RESULTS:   sky130_fd_sc_hd__or3b_2 cells:        1
ABC RESULTS:   sky130_fd_sc_hd__mux2_1 cells:        9
ABC RESULTS:        internal signals:       11
ABC RESULTS:           input signals:       23
ABC RESULTS:          output signals:       18
Removing temp directory.

55. Executing SETUNDEF pass (replace undef values with defined constants).

56. Executing HILOMAP pass (mapping to constant drivers).

57. Executing SPLITNETS pass (splitting up multi-bit signals).

58. Executing OPT_CLEAN pass (remove unused cells and wires).
Finding unused cells or wires in module \io_pad_wrapper..
Removed 0 unused cells and 52 unused wires.
<suppressed ~1 debug messages>

59. Executing INSBUF pass (insert buffer cells for connected wires).
Add io_pad_wrapper/$auto$insbuf.cc:97:execute$248: \core_dout -> \pad_dout

60. Executing CHECK pass (checking for obvious problems).
Checking module io_pad_wrapper...
Found and reported 0 problems.
{
   "creator": "Yosys 0.38 (git sha1 543faed9c8c, clang++ 17.0.6 -fPIC -Os)",
   "invocation": "stat -json -liberty /content/openlane_run/tmp/33881565789d464e9760f78ff8b64b53.lib ",
   "modules": {
      "\\io_pad_wrapper": {
         "num_wires":         32,
         "num_wire_bits":     48,
         "num_pub_wires":     18,
         "num_pub_wire_bits": 34,
         "num_memories":      0,
         "num_memory_bits":   0,
         "num_processes":     0,
         "num_cells":         33,
         "area":              472.953600,
         "num_cells_by_type": {
            "sky130_fd_sc_hd__a22o_2": 2,
            "sky130_fd_sc_hd__and2_2": 8,
            "sky130_fd_sc_hd__and2b_2": 1,
            "sky130_fd_sc_hd__buf_2": 1,
            "sky130_fd_sc_hd__dfrtp_2": 10,
            "sky130_fd_sc_hd__mux2_1": 9,
            "sky130_fd_sc_hd__nor2_2": 1,
            "sky130_fd_sc_hd__or3b_2": 1
         }
      }
   },
      "design": {
         "num_wires":         32,
         "num_wire_bits":     48,
         "num_pub_wires":     18,
         "num_pub_wire_bits": 34,
         "num_memories":      0,
         "num_memory_bits":   0,
         "num_processes":     0,
         "num_cells":         33,
         "area":              472.953600,
         "num_cells_by_type": {
            "sky130_fd_sc_hd__a22o_2": 2,
            "sky130_fd_sc_hd__and2_2": 8,
            "sky130_fd_sc_hd__and2b_2": 1,
            "sky130_fd_sc_hd__buf_2": 1,
            "sky130_fd_sc_hd__dfrtp_2": 10,
            "sky130_fd_sc_hd__mux2_1": 9,
            "sky130_fd_sc_hd__nor2_2": 1,
            "sky130_fd_sc_hd__or3b_2": 1
         }
      }
}

61. Printing statistics.

=== io_pad_wrapper ===

   Number of wires:                 32
   Number of wire bits:             48
   Number of public wires:          18
   Number of public wire bits:      34
   Number of memories:               0
   Number of memory bits:            0
   Number of processes:              0
   Number of cells:                 33
     sky130_fd_sc_hd__a22o_2         2
     sky130_fd_sc_hd__and2_2         8
     sky130_fd_sc_hd__and2b_2        1
     sky130_fd_sc_hd__buf_2          1
     sky130_fd_sc_hd__dfrtp_2       10
     sky130_fd_sc_hd__mux2_1         9
     sky130_fd_sc_hd__nor2_2         1
     sky130_fd_sc_hd__or3b_2         1

   Chip area for module '\io_pad_wrapper': 472.953600

62. Executing Verilog backend.
Dumping module `\io_pad_wrapper'.

63. Executing JSON backend.

End of script. Logfile hash: 4a1107a89c, CPU: user 2.02s system 0.07s, MEM: 340.18 MB peak
Yosys 0.38 (git sha1 543faed9c8c, clang++ 17.0.6 -fPIC -Os)
Time spent: 47% 7x stat (1 sec), 19% 2x abc (0 sec), ...
