Reading OpenROAD database at '/content/openlane_run/25-openroad-globalplacement/io_pad_wrapper.odb'…
Reading library file at '/root/.volare/sky130A/libs.ref/sky130_fd_sc_hd/lib/sky130_fd_sc_hd__tt_025C_1v80.lib'…
Reading design constraints file at '/content/openlane_ipynb/openlane/scripts/base.sdc'…
[INFO] Using clock clk…
[INFO] Setting output delay to: 2
[INFO] Setting input delay to: 2
[INFO] Setting load to: 0.033442
[INFO] Setting clock uncertainty to: 0.25
[INFO] Setting clock transition to: 0.1499999999999999944488848768742172978818416595458984375
[INFO] Setting timing derate to: 5%
Placement Analysis
---------------------------------
total displacement        118.6 u
average displacement        1.7 u
max displacement            6.6 u
original HPWL            1018.8 u
legalized HPWL           1115.8 u
delta HPWL                   10 %

[INFO DPL-0020] Mirrored 10 instances
[INFO DPL-0021] HPWL before            1115.8 u
[INFO DPL-0022] HPWL after             1078.8 u
[INFO DPL-0023] HPWL delta               -3.3 %
Setting global connections for newly added cells…
[INFO] Setting global connections...
Writing OpenROAD database to '/content/openlane_run/26-openroad-detailedplacement/io_pad_wrapper.odb'…
Writing netlist to '/content/openlane_run/26-openroad-detailedplacement/io_pad_wrapper.nl.v'…
Writing powered netlist to '/content/openlane_run/26-openroad-detailedplacement/io_pad_wrapper.pnl.v'…
Writing layout to '/content/openlane_run/26-openroad-detailedplacement/io_pad_wrapper.def'…
Writing timing constraints to '/content/openlane_run/26-openroad-detailedplacement/io_pad_wrapper.sdc'…
